Archive member included to satisfy reference by file (symbol)

/opt/homebrew/Cellar/arm-none-eabi-gcc/10.3-2021.07/gcc/bin/../lib/gcc/arm-none-eabi/10.3.1/../../../../arm-none-eabi/lib/thumb/v7e-m+fp/hard/libc.a(lib_a-ctype_.o)
                              _build/nrf_log_str_formatter.o (_ctype_)
/opt/homebrew/Cellar/arm-none-eabi-gcc/10.3-2021.07/gcc/bin/../lib/gcc/arm-none-eabi/10.3.1/../../../../arm-none-eabi/lib/thumb/v7e-m+fp/hard/libc.a(lib_a-exit.o)
                              /opt/homebrew/Cellar/arm-none-eabi-gcc/10.3-2021.07/gcc/bin/../lib/gcc/arm-none-eabi/10.3.1/../../../../arm-none-eabi/lib/thumb/v7e-m+fp/hard/crt0.o (exit)
/opt/homebrew/Cellar/arm-none-eabi-gcc/10.3-2021.07/gcc/bin/../lib/gcc/arm-none-eabi/10.3.1/../../../../arm-none-eabi/lib/thumb/v7e-m+fp/hard/libc.a(lib_a-impure.o)
                              /opt/homebrew/Cellar/arm-none-eabi-gcc/10.3-2021.07/gcc/bin/../lib/gcc/arm-none-eabi/10.3.1/../../../../arm-none-eabi/lib/thumb/v7e-m+fp/hard/libc.a(lib_a-exit.o) (_global_impure_ptr)
/opt/homebrew/Cellar/arm-none-eabi-gcc/10.3-2021.07/gcc/bin/../lib/gcc/arm-none-eabi/10.3.1/../../../../arm-none-eabi/lib/thumb/v7e-m+fp/hard/libc.a(lib_a-init.o)
                              /opt/homebrew/Cellar/arm-none-eabi-gcc/10.3-2021.07/gcc/bin/../lib/gcc/arm-none-eabi/10.3.1/../../../../arm-none-eabi/lib/thumb/v7e-m+fp/hard/crt0.o (__libc_init_array)
/opt/homebrew/Cellar/arm-none-eabi-gcc/10.3-2021.07/gcc/bin/../lib/gcc/arm-none-eabi/10.3.1/../../../../arm-none-eabi/lib/thumb/v7e-m+fp/hard/libc.a(lib_a-malloc.o)
                              _build/main.o (malloc)
/opt/homebrew/Cellar/arm-none-eabi-gcc/10.3-2021.07/gcc/bin/../lib/gcc/arm-none-eabi/10.3.1/../../../../arm-none-eabi/lib/thumb/v7e-m+fp/hard/libc.a(lib_a-mallocr.o)
                              /opt/homebrew/Cellar/arm-none-eabi-gcc/10.3-2021.07/gcc/bin/../lib/gcc/arm-none-eabi/10.3.1/../../../../arm-none-eabi/lib/thumb/v7e-m+fp/hard/libc.a(lib_a-malloc.o) (_malloc_r)
/opt/homebrew/Cellar/arm-none-eabi-gcc/10.3-2021.07/gcc/bin/../lib/gcc/arm-none-eabi/10.3.1/../../../../arm-none-eabi/lib/thumb/v7e-m+fp/hard/libc.a(lib_a-memcmp.o)
                              _build/nrf_twi_mngr.o (memcmp)
/opt/homebrew/Cellar/arm-none-eabi-gcc/10.3-2021.07/gcc/bin/../lib/gcc/arm-none-eabi/10.3.1/../../../../arm-none-eabi/lib/thumb/v7e-m+fp/hard/libc.a(lib_a-memcpy.o)
                              _build/app_scheduler.o (memcpy)
/opt/homebrew/Cellar/arm-none-eabi-gcc/10.3-2021.07/gcc/bin/../lib/gcc/arm-none-eabi/10.3.1/../../../../arm-none-eabi/lib/thumb/v7e-m+fp/hard/libc.a(lib_a-memset.o)
                              /opt/homebrew/Cellar/arm-none-eabi-gcc/10.3-2021.07/gcc/bin/../lib/gcc/arm-none-eabi/10.3.1/../../../../arm-none-eabi/lib/thumb/v7e-m+fp/hard/crt0.o (memset)
/opt/homebrew/Cellar/arm-none-eabi-gcc/10.3-2021.07/gcc/bin/../lib/gcc/arm-none-eabi/10.3.1/../../../../arm-none-eabi/lib/thumb/v7e-m+fp/hard/libc.a(lib_a-mlock.o)
                              /opt/homebrew/Cellar/arm-none-eabi-gcc/10.3-2021.07/gcc/bin/../lib/gcc/arm-none-eabi/10.3.1/../../../../arm-none-eabi/lib/thumb/v7e-m+fp/hard/libc.a(lib_a-mallocr.o) (__malloc_lock)
/opt/homebrew/Cellar/arm-none-eabi-gcc/10.3-2021.07/gcc/bin/../lib/gcc/arm-none-eabi/10.3.1/../../../../arm-none-eabi/lib/thumb/v7e-m+fp/hard/libc.a(lib_a-printf.o)
                              _build/main.o (printf)
/opt/homebrew/Cellar/arm-none-eabi-gcc/10.3-2021.07/gcc/bin/../lib/gcc/arm-none-eabi/10.3.1/../../../../arm-none-eabi/lib/thumb/v7e-m+fp/hard/libc.a(lib_a-sbrkr.o)
                              /opt/homebrew/Cellar/arm-none-eabi-gcc/10.3-2021.07/gcc/bin/../lib/gcc/arm-none-eabi/10.3.1/../../../../arm-none-eabi/lib/thumb/v7e-m+fp/hard/libc.a(lib_a-mallocr.o) (_sbrk_r)
/opt/homebrew/Cellar/arm-none-eabi-gcc/10.3-2021.07/gcc/bin/../lib/gcc/arm-none-eabi/10.3.1/../../../../arm-none-eabi/lib/thumb/v7e-m+fp/hard/libc.a(lib_a-setbuf.o)
                              _build/microbit_before_startup.o (setbuf)
/opt/homebrew/Cellar/arm-none-eabi-gcc/10.3-2021.07/gcc/bin/../lib/gcc/arm-none-eabi/10.3.1/../../../../arm-none-eabi/lib/thumb/v7e-m+fp/hard/libc.a(lib_a-setvbuf.o)
                              /opt/homebrew/Cellar/arm-none-eabi-gcc/10.3-2021.07/gcc/bin/../lib/gcc/arm-none-eabi/10.3.1/../../../../arm-none-eabi/lib/thumb/v7e-m+fp/hard/libc.a(lib_a-setbuf.o) (setvbuf)
/opt/homebrew/Cellar/arm-none-eabi-gcc/10.3-2021.07/gcc/bin/../lib/gcc/arm-none-eabi/10.3.1/../../../../arm-none-eabi/lib/thumb/v7e-m+fp/hard/libc.a(lib_a-strlen.o)
                              _build/nrf_fprintf_format.o (strlen)
/opt/homebrew/Cellar/arm-none-eabi-gcc/10.3-2021.07/gcc/bin/../lib/gcc/arm-none-eabi/10.3.1/../../../../arm-none-eabi/lib/thumb/v7e-m+fp/hard/libc.a(lib_a-vfprintf.o)
                              /opt/homebrew/Cellar/arm-none-eabi-gcc/10.3-2021.07/gcc/bin/../lib/gcc/arm-none-eabi/10.3.1/../../../../arm-none-eabi/lib/thumb/v7e-m+fp/hard/libc.a(lib_a-printf.o) (_vfprintf_r)
[...]
Memory Configuration

Name             Origin             Length             Attributes
FLASH            0x0000000000000000 0x0000000000080000 xr
RAM              0x0000000020000000 0x0000000000020000 xrw
*default*        0x0000000000000000 0xffffffffffffffff

Linker script and memory map

                0x000000000007f000                __stop_ot_flash_data = ((ORIGIN (FLASH) + LENGTH (FLASH)) - FLASH_PAGE_SIZE)
                0x000000000007b000                __start_ot_flash_data = (__stop_ot_flash_data - (FLASH_PAGE_SIZE * FLASH_DATA_PAGES_USED))
                0x0000000000000001                ASSERT ((__start_ot_flash_data >= (__etext + SIZEOF (.data))), Error: Code overlaps flash data area.)

.text           0x0000000000000000    0x174f0
 *(.isr_vector)
 .isr_vector    0x0000000000000000      0x200 _build/gcc_startup_nrf52833.os
                0x0000000000000000                __isr_vector
 *(.text*)
 .text          0x0000000000000200       0x40 /opt/homebrew/Cellar/arm-none-eabi-gcc/10.3-2021.07/gcc/bin/../lib/gcc/arm-none-eabi/10.3.1/thumb/v7e-m+fp/hard/crtbegin.o
 .text          0x0000000000000240       0x7c /opt/homebrew/Cellar/arm-none-eabi-gcc/10.3-2021.07/gcc/bin/../lib/gcc/arm-none-eabi/10.3.1/../../../../arm-none-eabi/lib/thumb/v7e-m+fp/hard/crt0.o
                0x0000000000000240                _stack_init
                0x0000000000000248                _mainCRTStartup
                0x0000000000000248                _start
 .text.pwm_init
                0x00000000000002bc       0x28 _build/audio.o
                0x00000000000002bc                pwm_init
 .text.audio_init
                0x00000000000002e4        0x4 _build/audio.o
                0x00000000000002e4                audio_init
 .text.play_audio_sample
                0x00000000000002e8       0x74 _build/audio.o
                0x00000000000002e8                play_audio_sample
 .text.nrf_gpio_pin_port_decode
                0x000000000000035c       0x30 _build/input.o
 .text.input_init
                0x000000000000038c       0x70 _build/input.o
                0x000000000000038c                input_init
 .text.is_button_pressed
                0x00000000000003fc       0x5e _build/input.o
                0x00000000000003fc                is_button_pressed
 *fill*         0x000000000000045a        0x2 
 .text.nrf_delay_ms.part.0
                0x000000000000045c       0x1c _build/main.o
 .text.create_pattern
                0x0000000000000478       0x90 _build/main.o
                0x0000000000000478                create_pattern
 .text.startup.main
                0x0000000000000508       0xb4 _build/main.o
                0x0000000000000508                main
 .text.play_pattern
                0x00000000000005bc       0x44 _build/recorder.o
                0x00000000000005bc                play_pattern
 .text.stopwatch_handler
                0x0000000000000600        0x2 _build/stopwatch.o
                0x0000000000000600                stopwatch_handler
 *fill*         0x0000000000000602        0x2 
 .text.stopwatch_init
                0x0000000000000604       0x30 _build/stopwatch.o
                0x0000000000000604                stopwatch_init
 .text.get_stopwatch_time
                0x0000000000000634       0x24 _build/stopwatch.o
                0x0000000000000634                get_stopwatch_time
 .text.list_insert_sorted
                0x0000000000000658       0x74 _build/timer_linked_list.o
                0x0000000000000658                list_insert_sorted
 .text.list_get_first
                0x00000000000006cc        0xc _build/timer_linked_list.o
                0x00000000000006cc                list_get_first
 .text.list_remove_first
                0x00000000000006d8       0x10 _build/timer_linked_list.o
                0x00000000000006d8                list_remove_first
 .text.nrf_gpio_pin_port_decode
                0x00000000000006e8       0x30 _build/better_error_handling.o
 .text.nrf_gpio_pin_clear
                0x0000000000000718       0x1a _build/better_error_handling.o
 .text.nrf_gpio_pin_set
                0x0000000000000732       0x1a _build/better_error_handling.o
 .text.nrf_delay_ms.part.0
                0x000000000000074c       0x1c _build/better_error_handling.o
 .text.error_blink_pattern
                0x0000000000000768      0x104 _build/better_error_handling.o
 .text.app_error_fault_handler
                0x000000000000086c       0x74 _build/better_error_handling.o
                0x000000000000086c                app_error_fault_handler
 .text.HardFault_process
                0x00000000000008e0        0x6 _build/better_error_handling.o
                0x00000000000008e0                HardFault_process
 *fill*         0x00000000000008e6        0x2 
 .text.startup.called_first
                0x00000000000008e8       0x48 _build/microbit_before_startup.o
                0x00000000000008e8                called_first
 .text.nrf_log_backend_uart_flush
                0x0000000000000930        0x2 _build/microbit_nrf_log_backend_uart.o
 *fill*         0x0000000000000932        0x2 
 .text.nrf_log_backend_uart_put
                0x0000000000000934       0x1c _build/microbit_nrf_log_backend_uart.o
 .text.uart_init.constprop.0
                0x0000000000000950       0x54 _build/microbit_nrf_log_backend_uart.o
 .text.serial_tx
                0x00000000000009a4       0x50 _build/microbit_nrf_log_backend_uart.o
 .text.nrf_log_backend_uart_panic_set
                0x00000000000009f4       0x2c _build/microbit_nrf_log_backend_uart.o
 .text.nrf_log_backend_uart_init
                0x0000000000000a20        0x4 _build/microbit_nrf_log_backend_uart.o
                0x0000000000000a20                nrf_log_backend_uart_init
 .text._write   0x0000000000000a24       0x2c _build/microbit_retarget.o
                0x0000000000000a24                _write
 .text._read    0x0000000000000a50       0x30 _build/microbit_retarget.o
                0x0000000000000a50                _read
 .text.app_error_handler
                0x0000000000000a80       0x1a _build/app_error_handler_gcc.o
                0x0000000000000a80                app_error_handler
 *fill*         0x0000000000000a9a        0x2 
 .text.nrfx_coredep_delay_us.part.0.constprop.0
                0x0000000000000a9c       0x10 _build/app_timer.o
 .text.RTC1_IRQHandler
                0x0000000000000aac       0x9c _build/app_timer.o
                0x0000000000000aac                RTC1_IRQHandler
 .text.SWI0_EGU0_IRQHandler
                0x0000000000000b48      0x2b8 _build/app_timer.o
                0x0000000000000b48                SWI0_EGU0_IRQHandler
 .text.app_util_disable_irq
                0x0000000000000e00       0x10 _build/app_util_platform.o
                0x0000000000000e00                app_util_disable_irq
 .text.app_util_enable_irq
                0x0000000000000e10       0x14 _build/app_util_platform.o
                0x0000000000000e10                app_util_enable_irq
 .text.privilege_level_get
                0x0000000000000e24       0x1a _build/app_util_platform.o
                0x0000000000000e24                privilege_level_get
 *fill*         0x0000000000000e3e        0x2 
 .text.app_util_critical_region_enter
                0x0000000000000e40       0x20 _build/app_util_platform.o
                0x0000000000000e40                app_util_critical_region_enter
 .text.app_util_critical_region_exit
                0x0000000000000e60       0x20 _build/app_util_platform.o
                0x0000000000000e60                app_util_critical_region_exit
 .text.HardFault_Handler
                0x0000000000000e80       0x34 _build/hardfault_handler_gcc.o
                0x0000000000000e80                HardFault_Handler
 .text.HardFault_c_handler
                0x0000000000000eb4      0x104 _build/hardfault_implementation.o
                0x0000000000000eb4                HardFault_c_handler
 .text.assert_nrf_callback
                0x0000000000000fb8       0x1a _build/nrf_assert.o
                0x0000000000000fb8                assert_nrf_callback
 .text.nrf_atomic_u32_fetch_store
                0x0000000000000fd2       0x16 _build/nrf_atomic.o
                0x0000000000000fd2                nrf_atomic_u32_fetch_store
 .text.nrf_atomic_u32_or
                0x0000000000000fe8       0x18 _build/nrf_atomic.o
                0x0000000000000fe8                nrf_atomic_u32_or
 .text.nrf_atomic_u32_fetch_and
                0x0000000000001000       0x18 _build/nrf_atomic.o
                0x0000000000001000                nrf_atomic_u32_fetch_and
 .text.nrf_atomic_u32_add
                0x0000000000001018       0x18 _build/nrf_atomic.o
                0x0000000000001018                nrf_atomic_u32_add
 .text.nrf_atomic_u32_sub
                0x0000000000001030       0x18 _build/nrf_atomic.o
                0x0000000000001030                nrf_atomic_u32_sub
 .text.nrf_atomic_flag_set
                0x0000000000001048        0x6 _build/nrf_atomic.o
                0x0000000000001048                nrf_atomic_flag_set
 .text.nrf_atomic_flag_clear_fetch
                0x000000000000104e        0x6 _build/nrf_atomic.o
                0x000000000000104e                nrf_atomic_flag_clear_fetch
 .text.nrf_balloc_init
                0x0000000000001054       0x7c _build/nrf_balloc.o
                0x0000000000001054                nrf_balloc_init
 .text.nrf_balloc_alloc
                0x00000000000010d0       0x54 _build/nrf_balloc.o
                0x00000000000010d0                nrf_balloc_alloc
 .text.nrf_balloc_free
                0x0000000000001124       0x48 _build/nrf_balloc.o
                0x0000000000001124                nrf_balloc_free
 .text.uarte_evt_handler
                0x000000000000116c       0x34 _build/nrf_drv_uart.o
 .text.uart_evt_handler
                0x00000000000011a0       0x34 _build/nrf_drv_uart.o
 .text.nrf_drv_uart_init
                0x00000000000011d4       0x7c _build/nrf_drv_uart.o
                0x00000000000011d4                nrf_drv_uart_init
 .text.nrf_fprintf_buffer_flush
                0x0000000000001250       0x24 _build/nrf_fprintf.o
                0x0000000000001250                nrf_fprintf_buffer_flush
 .text.nrf_fprintf
                0x0000000000001274       0x54 _build/nrf_fprintf.o
                0x0000000000001274                nrf_fprintf
 .text.buffer_add
                0x00000000000012c8       0x1e _build/nrf_fprintf_format.o
 *fill*         0x00000000000012e6        0x2 
 .text.unsigned_print
                0x00000000000012e8       0xb4 _build/nrf_fprintf_format.o
 .text.nrf_fprintf_fmt
                0x000000000000139c      0x2d0 _build/nrf_fprintf_format.o
                0x000000000000139c                nrf_fprintf_fmt
 .text.nrf_log_backend_serial_put
                0x000000000000166c       0xc2 _build/nrf_log_backend_serial.o
                0x000000000000166c                nrf_log_backend_serial_put
 *fill*         0x000000000000172e        0x2 
 .text.nrf_log_default_backends_init
                0x0000000000001730       0x30 _build/nrf_log_default_backends.o
                0x0000000000001730                nrf_log_default_backends_init
 .text.invalid_packets_omit
                0x0000000000001760       0x3a _build/nrf_log_frontend.o
 *fill*         0x000000000000179a        0x2 
 .text.buf_prealloc
                0x000000000000179c      0x144 _build/nrf_log_frontend.o
 .text.nrf_log_init
                0x00000000000018e0       0x3c _build/nrf_log_frontend.o
                0x00000000000018e0                nrf_log_init
 .text.nrf_log_module_name_get
                0x000000000000191c       0x38 _build/nrf_log_frontend.o
                0x000000000000191c                nrf_log_module_name_get
 .text.nrf_log_color_id_get
                0x0000000000001954       0x2c _build/nrf_log_frontend.o
                0x0000000000001954                nrf_log_color_id_get
 .text.buffer_is_empty
                0x0000000000001980       0x14 _build/nrf_log_frontend.o
                0x0000000000001980                buffer_is_empty
 .text.nrf_log_frontend_dequeue
                0x0000000000001994      0x224 _build/nrf_log_frontend.o
                0x0000000000001994                nrf_log_frontend_dequeue
 .text.std_n    0x0000000000001bb8       0xb8 _build/nrf_log_frontend.o
 .text.nrf_log_frontend_std_0
                0x0000000000001c70        0x8 _build/nrf_log_frontend.o
                0x0000000000001c70                nrf_log_frontend_std_0
 .text.nrf_log_frontend_std_1
                0x0000000000001c78       0x12 _build/nrf_log_frontend.o
                0x0000000000001c78                nrf_log_frontend_std_1
 .text.nrf_log_frontend_std_3
                0x0000000000001c8a       0x18 _build/nrf_log_frontend.o
                0x0000000000001c8a                nrf_log_frontend_std_3
 .text.nrf_log_frontend_std_4
                0x0000000000001ca2       0x1c _build/nrf_log_frontend.o
                0x0000000000001ca2                nrf_log_frontend_std_4
 *fill*         0x0000000000001cbe        0x2 
 .text.nrf_log_backend_add
                0x0000000000001cc0       0x54 _build/nrf_log_frontend.o
                0x0000000000001cc0                nrf_log_backend_add
 .text.nrf_log_panic
                0x0000000000001d14       0x28 _build/nrf_log_frontend.o
                0x0000000000001d14                nrf_log_panic
 .text.prefix_process
                0x0000000000001d3c       0x7c _build/nrf_log_str_formatter.o
 .text.postfix_process
                0x0000000000001db8       0x44 _build/nrf_log_str_formatter.o
 .text.nrf_log_std_entry_process
                0x0000000000001dfc       0xc8 _build/nrf_log_str_formatter.o
                0x0000000000001dfc                nrf_log_std_entry_process
 .text.nrf_log_hexdump_entry_process
                0x0000000000001ec4       0xc0 _build/nrf_log_str_formatter.o
                0x0000000000001ec4                nrf_log_hexdump_entry_process
 .text.memobj_op
                0x0000000000001f84       0xa8 _build/nrf_memobj.o
 .text.nrf_memobj_pool_init
                0x000000000000202c        0x4 _build/nrf_memobj.o
                0x000000000000202c                nrf_memobj_pool_init
 .text.nrf_memobj_free
                0x0000000000002030       0x2c _build/nrf_memobj.o
                0x0000000000002030                nrf_memobj_free
 .text.nrf_memobj_alloc
                0x000000000000205c       0x5e _build/nrf_memobj.o
                0x000000000000205c                nrf_memobj_alloc
 .text.nrf_memobj_get
                0x00000000000020ba        0x8 _build/nrf_memobj.o
                0x00000000000020ba                nrf_memobj_get
 .text.nrf_memobj_put
                0x00000000000020c2       0x1c _build/nrf_memobj.o
                0x00000000000020c2                nrf_memobj_put
 *fill*         0x00000000000020de        0x2 
 .text.nrf_memobj_write
                0x00000000000020e0       0x28 _build/nrf_memobj.o
                0x00000000000020e0                nrf_memobj_write
 .text.nrf_memobj_read
                0x0000000000002108       0x28 _build/nrf_memobj.o
                0x0000000000002108                nrf_memobj_read
 .text.nrf_ringbuf_init
                0x0000000000002130       0x1c _build/nrf_ringbuf.o
                0x0000000000002130                nrf_ringbuf_init
 .text.nrf_strerror_find
                0x000000000000214c       0x3c _build/nrf_strerror.o
                0x000000000000214c                nrf_strerror_find
 .text.nrf_strerror_get
                0x0000000000002188       0x14 _build/nrf_strerror.o
                0x0000000000002188                nrf_strerror_get
 .text.POWER_CLOCK_IRQHandler
                0x000000000000219c       0x5c _build/nrfx_clock.o
                0x000000000000219c                POWER_CLOCK_IRQHandler
 .text.nrf_gpiote_event_clear
                0x00000000000021f8       0x18 _build/nrfx_gpiote.o
 .text.nrf_bitmask_bit_set
                0x0000000000002210       0x14 _build/nrfx_gpiote.o
 .text.nrf_gpio_pin_port_decode
                0x0000000000002224       0x30 _build/nrfx_gpiote.o
 .text.nrf_gpio_cfg_sense_set
                0x0000000000002254       0x2e _build/nrfx_gpiote.o
 *fill*         0x0000000000002282        0x2 
 .text.nrf_gpio_ports_read.constprop.0
                0x0000000000002284       0x18 _build/nrfx_gpiote.o
 .text.GPIOTE_IRQHandler
                0x000000000000229c      0x19c _build/nrfx_gpiote.o
                0x000000000000229c                GPIOTE_IRQHandler
 .text.UARTE0_UART0_IRQHandler
                0x0000000000002438       0x20 _build/nrfx_prs.o
                0x0000000000002438                UARTE0_UART0_IRQHandler
 .text.nrfx_prs_acquire
                0x0000000000002458       0x44 _build/nrfx_prs.o
                0x0000000000002458                nrfx_prs_acquire
 .text.nrfx_prs_release
                0x000000000000249c       0x28 _build/nrfx_prs.o
                0x000000000000249c                nrfx_prs_release
 .text.nrf_pwm_event_clear
                0x00000000000024c4       0x10 _build/nrfx_pwm.o
 .text.start_playback
                0x00000000000024d4       0x4c _build/nrfx_pwm.o
 .text.nrf_gpio_pin_port_decode
                0x0000000000002520       0x30 _build/nrfx_pwm.o
 .text.nrf_pwm_sequence_set
                0x0000000000002550       0x88 _build/nrfx_pwm.o
 .text.nrfx_pwm_init
                0x00000000000025d8      0x1b8 _build/nrfx_pwm.o
                0x00000000000025d8                nrfx_pwm_init
 .text.nrfx_pwm_simple_playback
                0x0000000000002790       0xa4 _build/nrfx_pwm.o
                0x0000000000002790                nrfx_pwm_simple_playback
 .text.PWM0_IRQHandler
                0x0000000000002834       0x90 _build/nrfx_pwm.o
                0x0000000000002834                PWM0_IRQHandler
 .text.nrf_saadc_event_clear
                0x00000000000028c4       0x18 _build/nrfx_saadc.o
 .text.SAADC_IRQHandler
                0x00000000000028dc      0x154 _build/nrfx_saadc.o
                0x00000000000028dc                SAADC_IRQHandler
 .text.nrf_gpio_pin_port_decode
                0x0000000000002a30       0x30 _build/nrfx_spim.o
 .text.nrf_gpio_pin_clear
                0x0000000000002a60       0x1a _build/nrfx_spim.o
 .text.nrf_gpio_pin_set
                0x0000000000002a7a       0x1a _build/nrfx_spim.o
 .text.SPIM2_SPIS2_SPI2_IRQHandler
                0x0000000000002a94       0x64 _build/nrfx_spim.o
                0x0000000000002a94                SPIM2_SPIS2_SPI2_IRQHandler
 .text.irq_handler.constprop.0
                0x0000000000002af8       0x4c _build/nrfx_timer.o
 .text.nrfx_timer_init
                0x0000000000002b44      0x164 _build/nrfx_timer.o
                0x0000000000002b44                nrfx_timer_init
 .text.nrfx_timer_enable
                0x0000000000002ca8       0x38 _build/nrfx_timer.o
                0x0000000000002ca8                nrfx_timer_enable
 .text.nrfx_timer_capture
                0x0000000000002ce0       0x4c _build/nrfx_timer.o
                0x0000000000002ce0                nrfx_timer_capture
 .text.TIMER0_IRQHandler
                0x0000000000002d2c       0x10 _build/nrfx_timer.o
                0x0000000000002d2c                TIMER0_IRQHandler
 .text.TIMER1_IRQHandler
                0x0000000000002d3c       0x10 _build/nrfx_timer.o
                0x0000000000002d3c                TIMER1_IRQHandler
 .text.nrf_twim_event_clear
                0x0000000000002d4c       0x10 _build/nrfx_twim.o
 .text.xfer_completeness_check
                0x0000000000002d5c       0x6c _build/nrfx_twim.o
 .text.twim_irq_handler
                0x0000000000002dc8      0x138 _build/nrfx_twim.o
 .text.SPIM0_SPIS0_TWIM0_TWIS0_SPI0_TWI0_IRQHandler
                0x0000000000002f00       0x10 _build/nrfx_twim.o
                0x0000000000002f00                SPIM0_SPIS0_TWIM0_TWIS0_SPI0_TWI0_IRQHandler
 .text.SPIM1_SPIS1_TWIM1_TWIS1_SPI1_TWI1_IRQHandler
                0x0000000000002f10       0x10 _build/nrfx_twim.o
                0x0000000000002f10                SPIM1_SPIS1_TWIM1_TWIS1_SPI1_TWI1_IRQHandler
 .text.nrf_uart_event_clear
                0x0000000000002f20       0x10 _build/nrfx_uart.o
 .text.tx_byte  0x0000000000002f30       0x1e _build/nrfx_uart.o
 .text.rx_enable
                0x0000000000002f4e       0x20 _build/nrfx_uart.o
 *fill*         0x0000000000002f6e        0x2 
 .text.nrf_gpio_pin_port_decode
                0x0000000000002f70       0x30 _build/nrfx_uart.o
 .text.nrf_gpio_cfg_default
                0x0000000000002fa0       0x1c _build/nrfx_uart.o
 .text.rx_byte  0x0000000000002fbc       0x2c _build/nrfx_uart.o
 .text.rx_done_event.constprop.0
                0x0000000000002fe8       0x20 _build/nrfx_uart.o
 .text.nrfx_uart_0_irq_handler
                0x0000000000003008      0x144 _build/nrfx_uart.o
                0x0000000000003008                nrfx_uart_0_irq_handler
 .text.nrfx_uart_init
                0x000000000000314c      0x1e0 _build/nrfx_uart.o
                0x000000000000314c                nrfx_uart_init
 .text.nrfx_uart_uninit
                0x000000000000332c       0xc0 _build/nrfx_uart.o
                0x000000000000332c                nrfx_uart_uninit
 .text.nrfx_uart_tx_in_progress
                0x00000000000033ec       0x18 _build/nrfx_uart.o
                0x00000000000033ec                nrfx_uart_tx_in_progress
 .text.nrfx_uart_tx
                0x0000000000003404       0xe0 _build/nrfx_uart.o
                0x0000000000003404                nrfx_uart_tx
 .text.nrfx_uart_rx
                0x00000000000034e4      0x134 _build/nrfx_uart.o
                0x00000000000034e4                nrfx_uart_rx
 .text.nrf_uarte_event_clear
                0x0000000000003618       0x10 _build/nrfx_uarte.o
 .text.nrf_gpio_pin_port_decode
                0x0000000000003628       0x30 _build/nrfx_uarte.o
 .text.nrf_gpio_cfg_default
                0x0000000000003658       0x1c _build/nrfx_uarte.o
 .text.rx_done_event.constprop.0
                0x0000000000003674       0x20 _build/nrfx_uarte.o
 .text.nrfx_uarte_0_irq_handler
                0x0000000000003694      0x118 _build/nrfx_uarte.o
                0x0000000000003694                nrfx_uarte_0_irq_handler
 .text.nrfx_uarte_init
                0x00000000000037ac      0x1f8 _build/nrfx_uarte.o
                0x00000000000037ac                nrfx_uarte_init
 .text.nrfx_uarte_uninit
                0x00000000000039a4       0xec _build/nrfx_uarte.o
                0x00000000000039a4                nrfx_uarte_uninit
 .text.nrfx_uarte_tx_in_progress
                0x0000000000003a90       0x18 _build/nrfx_uarte.o
                0x0000000000003a90                nrfx_uarte_tx_in_progress
 .text.nrfx_uarte_tx
                0x0000000000003aa8       0xf4 _build/nrfx_uarte.o
                0x0000000000003aa8                nrfx_uarte_tx
 .text.nrfx_uarte_rx
                0x0000000000003b9c      0x130 _build/nrfx_uarte.o
                0x0000000000003b9c                nrfx_uarte_rx
 .text.errata_36
                0x0000000000003ccc       0x1a _build/system_nrf52833.o
 *fill*         0x0000000000003ce6        0x2 
 .text.SystemInit
                0x0000000000003ce8      0x174 _build/system_nrf52833.o
                0x0000000000003ce8                SystemInit
 .text          0x0000000000003e5c       0x3c _build/gcc_startup_nrf52833.os
                0x0000000000003e5c                Reset_Handler
                0x0000000000003e84                NMI_Handler
                0x0000000000003e88                MemoryManagement_Handler
                0x0000000000003e8a                BusFault_Handler
                0x0000000000003e8c                UsageFault_Handler
                0x0000000000003e8e                SVC_Handler
                0x0000000000003e90                DebugMon_Handler
                0x0000000000003e92                PendSV_Handler
                0x0000000000003e94                SysTick_Handler
                0x0000000000003e96                PWM3_IRQHandler
                0x0000000000003e96                FPU_IRQHandler
                0x0000000000003e96                USBD_IRQHandler
                0x0000000000003e96                TIMER4_IRQHandler
                0x0000000000003e96                I2S_IRQHandler
                0x0000000000003e96                SWI4_EGU4_IRQHandler
                0x0000000000003e96                UARTE1_IRQHandler
                0x0000000000003e96                SPIM3_IRQHandler
                0x0000000000003e96                PWM2_IRQHandler
                0x0000000000003e96                ECB_IRQHandler
                0x0000000000003e96                Default_Handler
                0x0000000000003e96                CCM_AAR_IRQHandler
                0x0000000000003e96                WDT_IRQHandler
                0x0000000000003e96                SWI5_EGU5_IRQHandler
                0x0000000000003e96                RNG_IRQHandler
                0x0000000000003e96                RTC2_IRQHandler
                0x0000000000003e96                SWI3_EGU3_IRQHandler
                0x0000000000003e96                SWI1_EGU1_IRQHandler
                0x0000000000003e96                NFCT_IRQHandler
                0x0000000000003e96                MWU_IRQHandler
                0x0000000000003e96                TIMER2_IRQHandler
                0x0000000000003e96                COMP_LPCOMP_IRQHandler
                0x0000000000003e96                RTC0_IRQHandler
                0x0000000000003e96                SWI2_EGU2_IRQHandler
                0x0000000000003e96                PWM1_IRQHandler
                0x0000000000003e96                RADIO_IRQHandler
                0x0000000000003e96                PDM_IRQHandler
                0x0000000000003e96                TEMP_IRQHandler
                0x0000000000003e96                QDEC_IRQHandler
                0x0000000000003e96                TIMER3_IRQHandler
 .text.exit     0x0000000000003e98       0x20 /opt/homebrew/Cellar/arm-none-eabi-gcc/10.3-2021.07/gcc/bin/../lib/gcc/arm-none-eabi/10.3.1/../../../../arm-none-eabi/lib/thumb/v7e-m+fp/hard/libc.a(lib_a-exit.o)
                0x0000000000003e98                exit
 .text.__libc_init_array
                0x0000000000003eb8       0x48 /opt/homebrew/Cellar/arm-none-eabi-gcc/10.3-2021.07/gcc/bin/../lib/gcc/arm-none-eabi/10.3.1/../../../../arm-none-eabi/lib/thumb/v7e-m+fp/hard/libc.a(lib_a-init.o)
                0x0000000000003eb8                __libc_init_array
 .text.malloc   0x0000000000003f00       0x10 /opt/homebrew/Cellar/arm-none-eabi-gcc/10.3-2021.07/gcc/bin/../lib/gcc/arm-none-eabi/10.3.1/../../../../arm-none-eabi/lib/thumb/v7e-m+fp/hard/libc.a(lib_a-malloc.o)
                0x0000000000003f00                malloc
 .text.free     0x0000000000003f10       0x10 /opt/homebrew/Cellar/arm-none-eabi-gcc/10.3-2021.07/gcc/bin/../lib/gcc/arm-none-eabi/10.3.1/../../../../arm-none-eabi/lib/thumb/v7e-m+fp/hard/libc.a(lib_a-malloc.o)
                0x0000000000003f10                free
 .text._malloc_r
                0x0000000000003f20      0x560 /opt/homebrew/Cellar/arm-none-eabi-gcc/10.3-2021.07/gcc/bin/../lib/gcc/arm-none-eabi/10.3.1/../../../../arm-none-eabi/lib/thumb/v7e-m+fp/hard/libc.a(lib_a-mallocr.o)
                0x0000000000003f20                _malloc_r
 .text          0x0000000000004480      0x134 /opt/homebrew/Cellar/arm-none-eabi-gcc/10.3-2021.07/gcc/bin/../lib/gcc/arm-none-eabi/10.3.1/../../../../arm-none-eabi/lib/thumb/v7e-m+fp/hard/libc.a(lib_a-memcpy.o)
                0x0000000000004480                memcpy
 .text.memset   0x00000000000045b4       0xa4 /opt/homebrew/Cellar/arm-none-eabi-gcc/10.3-2021.07/gcc/bin/../lib/gcc/arm-none-eabi/10.3.1/../../../../arm-none-eabi/lib/thumb/v7e-m+fp/hard/libc.a(lib_a-memset.o)
                0x00000000000045b4                memset
 .text.__malloc_lock
                0x0000000000004658        0xc /opt/homebrew/Cellar/arm-none-eabi-gcc/10.3-2021.07/gcc/bin/../lib/gcc/arm-none-eabi/10.3.1/../../../../arm-none-eabi/lib/thumb/v7e-m+fp/hard/libc.a(lib_a-mlock.o)
                0x0000000000004658                __malloc_lock
 .text.__malloc_unlock
                0x0000000000004664        0xc /opt/homebrew/Cellar/arm-none-eabi-gcc/10.3-2021.07/gcc/bin/../lib/gcc/arm-none-eabi/10.3.1/../../../../arm-none-eabi/lib/thumb/v7e-m+fp/hard/libc.a(lib_a-mlock.o)
                0x0000000000004664                __malloc_unlock
 .text.printf   0x0000000000004670       0x28 /opt/homebrew/Cellar/arm-none-eabi-gcc/10.3-2021.07/gcc/bin/../lib/gcc/arm-none-eabi/10.3.1/../../../../arm-none-eabi/lib/thumb/v7e-m+fp/hard/libc.a(lib_a-printf.o)
                0x0000000000004670                printf
 .text._sbrk_r  0x0000000000004698       0x24 /opt/homebrew/Cellar/arm-none-eabi-gcc/10.3-2021.07/gcc/bin/../lib/gcc/arm-none-eabi/10.3.1/../../../../arm-none-eabi/lib/thumb/v7e-m+fp/hard/libc.a(lib_a-sbrkr.o)
                0x0000000000004698                _sbrk_r
 .text.setbuf   0x00000000000046bc       0x10 /opt/homebrew/Cellar/arm-none-eabi-gcc/10.3-2021.07/gcc/bin/../lib/gcc/arm-none-eabi/10.3.1/../../../../arm-none-eabi/lib/thumb/v7e-m+fp/hard/libc.a(lib_a-setbuf.o)
                0x00000000000046bc                setbuf
 .text.setvbuf  0x00000000000046cc      0x1b0 /opt/homebrew/Cellar/arm-none-eabi-gcc/10.3-2021.07/gcc/bin/../lib/gcc/arm-none-eabi/10.3.1/../../../../arm-none-eabi/lib/thumb/v7e-m+fp/hard/libc.a(lib_a-setvbuf.o)
                0x00000000000046cc                setvbuf
 *fill*         0x000000000000487c        0x4 
 .text          0x0000000000004880       0xdc /opt/homebrew/Cellar/arm-none-eabi-gcc/10.3-2021.07/gcc/bin/../lib/gcc/arm-none-eabi/10.3.1/../../../../arm-none-eabi/lib/thumb/v7e-m+fp/hard/libc.a(lib_a-strlen.o)
                0x0000000000004880                strlen
 *fill*         0x000000000000495c        0x4 
 .text._vfprintf_r
                0x0000000000004960     0x1b90 /opt/homebrew/Cellar/arm-none-eabi-gcc/10.3-2021.07/gcc/bin/../lib/gcc/arm-none-eabi/10.3.1/../../../../arm-none-eabi/lib/thumb/v7e-m+fp/hard/libc.a(lib_a-vfprintf.o)
                0x0000000000004960                _vfprintf_r
 .text.__sbprintf
                0x00000000000064f0       0x80 /opt/homebrew/Cellar/arm-none-eabi-gcc/10.3-2021.07/gcc/bin/../lib/gcc/arm-none-eabi/10.3.1/../../../../arm-none-eabi/lib/thumb/v7e-m+fp/hard/libc.a(lib_a-vfprintf.o)
 .text.__swsetup_r
                0x0000000000006570       0xd4 /opt/homebrew/Cellar/arm-none-eabi-gcc/10.3-2021.07/gcc/bin/../lib/gcc/arm-none-eabi/10.3.1/../../../../arm-none-eabi/lib/thumb/v7e-m+fp/hard/libc.a(lib_a-wsetup.o)
                0x0000000000006570                __swsetup_r
 .text.startup.register_fini
                0x0000000000006644       0x14 /opt/homebrew/Cellar/arm-none-eabi-gcc/10.3-2021.07/gcc/bin/../lib/gcc/arm-none-eabi/10.3.1/../../../../arm-none-eabi/lib/thumb/v7e-m+fp/hard/libc.a(lib_a-__call_atexit.o)
 .text.__call_exitprocs
                0x0000000000006658       0xcc /opt/homebrew/Cellar/arm-none-eabi-gcc/10.3-2021.07/gcc/bin/../lib/gcc/arm-none-eabi/10.3.1/../../../../arm-none-eabi/lib/thumb/v7e-m+fp/hard/libc.a(lib_a-__call_atexit.o)
                0x0000000000006658                __call_exitprocs
 .text.atexit   0x0000000000006724        0xc /opt/homebrew/Cellar/arm-none-eabi-gcc/10.3-2021.07/gcc/bin/../lib/gcc/arm-none-eabi/10.3.1/../../../../arm-none-eabi/lib/thumb/v7e-m+fp/hard/libc.a(lib_a-atexit.o)
                0x0000000000006724                atexit
 .text.quorem   0x0000000000006730      0x128 /opt/homebrew/Cellar/arm-none-eabi-gcc/10.3-2021.07/gcc/bin/../lib/gcc/arm-none-eabi/10.3.1/../../../../arm-none-eabi/lib/thumb/v7e-m+fp/hard/libc.a(lib_a-dtoa.o)
 .text._dtoa_r  0x0000000000006858      0xf3c /opt/homebrew/Cellar/arm-none-eabi-gcc/10.3-2021.07/gcc/bin/../lib/gcc/arm-none-eabi/10.3.1/../../../../arm-none-eabi/lib/thumb/v7e-m+fp/hard/libc.a(lib_a-dtoa.o)
                0x0000000000006858                _dtoa_r
 .text.__sflush_r
                0x0000000000007794      0x130 /opt/homebrew/Cellar/arm-none-eabi-gcc/10.3-2021.07/gcc/bin/../lib/gcc/arm-none-eabi/10.3.1/../../../../arm-none-eabi/lib/thumb/v7e-m+fp/hard/libc.a(lib_a-fflush.o)
                0x0000000000007794                __sflush_r
 .text._fflush_r
                0x00000000000078c4       0x5c /opt/homebrew/Cellar/arm-none-eabi-gcc/10.3-2021.07/gcc/bin/../lib/gcc/arm-none-eabi/10.3.1/../../../../arm-none-eabi/lib/thumb/v7e-m+fp/hard/libc.a(lib_a-fflush.o)
                0x00000000000078c4                _fflush_r
 .text._cleanup_r
                0x0000000000007920        0xc /opt/homebrew/Cellar/arm-none-eabi-gcc/10.3-2021.07/gcc/bin/../lib/gcc/arm-none-eabi/10.3.1/../../../../arm-none-eabi/lib/thumb/v7e-m+fp/hard/libc.a(lib_a-findfp.o)
                0x0000000000007920                _cleanup_r
 .text.__sinit  0x000000000000792c      0x10c /opt/homebrew/Cellar/arm-none-eabi-gcc/10.3-2021.07/gcc/bin/../lib/gcc/arm-none-eabi/10.3.1/../../../../arm-none-eabi/lib/thumb/v7e-m+fp/hard/libc.a(lib_a-findfp.o)
                0x000000000000792c                __sinit
 .text.__sfp_lock_acquire
                0x0000000000007a38        0xc /opt/homebrew/Cellar/arm-none-eabi-gcc/10.3-2021.07/gcc/bin/../lib/gcc/arm-none-eabi/10.3.1/../../../../arm-none-eabi/lib/thumb/v7e-m+fp/hard/libc.a(lib_a-findfp.o)
                0x0000000000007a38                __sfp_lock_acquire
 .text.__sfp_lock_release
                0x0000000000007a44        0xc /opt/homebrew/Cellar/arm-none-eabi-gcc/10.3-2021.07/gcc/bin/../lib/gcc/arm-none-eabi/10.3.1/../../../../arm-none-eabi/lib/thumb/v7e-m+fp/hard/libc.a(lib_a-findfp.o)
                0x0000000000007a44                __sfp_lock_release
 .text.__libc_fini_array
                0x0000000000007a50       0x2c /opt/homebrew/Cellar/arm-none-eabi-gcc/10.3-2021.07/gcc/bin/../lib/gcc/arm-none-eabi/10.3.1/../../../../arm-none-eabi/lib/thumb/v7e-m+fp/hard/libc.a(lib_a-fini.o)
                0x0000000000007a50                __libc_fini_array
 .text._malloc_trim_r
                0x0000000000007a7c       0xa0 /opt/homebrew/Cellar/arm-none-eabi-gcc/10.3-2021.07/gcc/bin/../lib/gcc/arm-none-eabi/10.3.1/../../../../arm-none-eabi/lib/thumb/v7e-m+fp/hard/libc.a(lib_a-freer.o)
                0x0000000000007a7c                _malloc_trim_r
 .text._free_r  0x0000000000007b1c      0x20c /opt/homebrew/Cellar/arm-none-eabi-gcc/10.3-2021.07/gcc/bin/../lib/gcc/arm-none-eabi/10.3.1/../../../../arm-none-eabi/lib/thumb/v7e-m+fp/hard/libc.a(lib_a-freer.o)
                0x0000000000007b1c                _free_r
 .text._fwalk_reent
                0x0000000000007d28       0x48 /opt/homebrew/Cellar/arm-none-eabi-gcc/10.3-2021.07/gcc/bin/../lib/gcc/arm-none-eabi/10.3.1/../../../../arm-none-eabi/lib/thumb/v7e-m+fp/hard/libc.a(lib_a-fwalk.o)
                0x0000000000007d28                _fwalk_reent
 .text._localeconv_r
                0x0000000000007d70        0x8 /opt/homebrew/Cellar/arm-none-eabi-gcc/10.3-2021.07/gcc/bin/../lib/gcc/arm-none-eabi/10.3.1/../../../../arm-none-eabi/lib/thumb/v7e-m+fp/hard/libc.a(lib_a-localeconv.o)
                0x0000000000007d70                _localeconv_r
 .text.__retarget_lock_init_recursive
                0x0000000000007d78        0x4 /opt/homebrew/Cellar/arm-none-eabi-gcc/10.3-2021.07/gcc/bin/../lib/gcc/arm-none-eabi/10.3.1/../../../../arm-none-eabi/lib/thumb/v7e-m+fp/hard/libc.a(lib_a-lock.o)
                0x0000000000007d78                __retarget_lock_init_recursive
 .text.__retarget_lock_close_recursive
                0x0000000000007d7c        0x4 /opt/homebrew/Cellar/arm-none-eabi-gcc/10.3-2021.07/gcc/bin/../lib/gcc/arm-none-eabi/10.3.1/../../../../arm-none-eabi/lib/thumb/v7e-m+fp/hard/libc.a(lib_a-lock.o)
                0x0000000000007d7c                __retarget_lock_close_recursive
 .text.__retarget_lock_acquire_recursive
                0x0000000000007d80        0x4 /opt/homebrew/Cellar/arm-none-eabi-gcc/10.3-2021.07/gcc/bin/../lib/gcc/arm-none-eabi/10.3.1/../../../../arm-none-eabi/lib/thumb/v7e-m+fp/hard/libc.a(lib_a-lock.o)
                0x0000000000007d80                __retarget_lock_acquire_recursive
 .text.__retarget_lock_release_recursive
                0x0000000000007d84        0x4 /opt/homebrew/Cellar/arm-none-eabi-gcc/10.3-2021.07/gcc/bin/../lib/gcc/arm-none-eabi/10.3.1/../../../../arm-none-eabi/lib/thumb/v7e-m+fp/hard/libc.a(lib_a-lock.o)
                0x0000000000007d84                __retarget_lock_release_recursive
 .text.__smakebuf_r
                0x0000000000007d88       0xe0 /opt/homebrew/Cellar/arm-none-eabi-gcc/10.3-2021.07/gcc/bin/../lib/gcc/arm-none-eabi/10.3.1/../../../../arm-none-eabi/lib/thumb/v7e-m+fp/hard/libc.a(lib_a-makebuf.o)
                0x0000000000007d88                __smakebuf_r
 .text.__swhatbuf_r
                0x0000000000007e68       0x60 /opt/homebrew/Cellar/arm-none-eabi-gcc/10.3-2021.07/gcc/bin/../lib/gcc/arm-none-eabi/10.3.1/../../../../arm-none-eabi/lib/thumb/v7e-m+fp/hard/libc.a(lib_a-makebuf.o)
                0x0000000000007e68                __swhatbuf_r
 *fill*         0x0000000000007ec8        0x8 
 .text          0x0000000000007ed0       0xa0 /opt/homebrew/Cellar/arm-none-eabi-gcc/10.3-2021.07/gcc/bin/../lib/gcc/arm-none-eabi/10.3.1/../../../../arm-none-eabi/lib/thumb/v7e-m+fp/hard/libc.a(lib_a-memchr.o)
                0x0000000000007ed0                memchr
 .text._Balloc  0x0000000000007f70       0x4c /opt/homebrew/Cellar/arm-none-eabi-gcc/10.3-2021.07/gcc/bin/../lib/gcc/arm-none-eabi/10.3.1/../../../../arm-none-eabi/lib/thumb/v7e-m+fp/hard/libc.a(lib_a-mprec.o)
                0x0000000000007f70                _Balloc
 .text._Bfree   0x0000000000007fbc       0x14 /opt/homebrew/Cellar/arm-none-eabi-gcc/10.3-2021.07/gcc/bin/../lib/gcc/arm-none-eabi/10.3.1/../../../../arm-none-eabi/lib/thumb/v7e-m+fp/hard/libc.a(lib_a-mprec.o)
                0x0000000000007fbc                _Bfree
 .text.__multadd
                0x0000000000007fd0       0xa8 /opt/homebrew/Cellar/arm-none-eabi-gcc/10.3-2021.07/gcc/bin/../lib/gcc/arm-none-eabi/10.3.1/../../../../arm-none-eabi/lib/thumb/v7e-m+fp/hard/libc.a(lib_a-mprec.o)
                0x0000000000007fd0                __multadd
 .text.__hi0bits
                0x0000000000008078       0x40 /opt/homebrew/Cellar/arm-none-eabi-gcc/10.3-2021.07/gcc/bin/../lib/gcc/arm-none-eabi/10.3.1/../../../../arm-none-eabi/lib/thumb/v7e-m+fp/hard/libc.a(lib_a-mprec.o)
                0x0000000000008078                __hi0bits
 .text.__lo0bits
                0x00000000000080b8       0x60 /opt/homebrew/Cellar/arm-none-eabi-gcc/10.3-2021.07/gcc/bin/../lib/gcc/arm-none-eabi/10.3.1/../../../../arm-none-eabi/lib/thumb/v7e-m+fp/hard/libc.a(lib_a-mprec.o)
                0x00000000000080b8                __lo0bits
 .text.__i2b    0x0000000000008118       0x5c /opt/homebrew/Cellar/arm-none-eabi-gcc/10.3-2021.07/gcc/bin/../lib/gcc/arm-none-eabi/10.3.1/../../../../arm-none-eabi/lib/thumb/v7e-m+fp/hard/libc.a(lib_a-mprec.o)
                0x0000000000008118                __i2b
 .text.__multiply
                0x0000000000008174      0x15c /opt/homebrew/Cellar/arm-none-eabi-gcc/10.3-2021.07/gcc/bin/../lib/gcc/arm-none-eabi/10.3.1/../../../../arm-none-eabi/lib/thumb/v7e-m+fp/hard/libc.a(lib_a-mprec.o)
                0x0000000000008174                __multiply
 .text.__pow5mult
                0x00000000000082d0       0xc0 /opt/homebrew/Cellar/arm-none-eabi-gcc/10.3-2021.07/gcc/bin/../lib/gcc/arm-none-eabi/10.3.1/../../../../arm-none-eabi/lib/thumb/v7e-m+fp/hard/libc.a(lib_a-mprec.o)
                0x00000000000082d0                __pow5mult
 .text.__lshift
                0x0000000000008390       0xf0 /opt/homebrew/Cellar/arm-none-eabi-gcc/10.3-2021.07/gcc/bin/../lib/gcc/arm-none-eabi/10.3.1/../../../../arm-none-eabi/lib/thumb/v7e-m+fp/hard/libc.a(lib_a-mprec.o)
                0x0000000000008390                __lshift
 .text.__mcmp   0x0000000000008480       0x44 /opt/homebrew/Cellar/arm-none-eabi-gcc/10.3-2021.07/gcc/bin/../lib/gcc/arm-none-eabi/10.3.1/../../../../arm-none-eabi/lib/thumb/v7e-m+fp/hard/libc.a(lib_a-mprec.o)
                0x0000000000008480                __mcmp
 .text.__mdiff  0x00000000000084c4      0x14c /opt/homebrew/Cellar/arm-none-eabi-gcc/10.3-2021.07/gcc/bin/../lib/gcc/arm-none-eabi/10.3.1/../../../../arm-none-eabi/lib/thumb/v7e-m+fp/hard/libc.a(lib_a-mprec.o)
                0x00000000000084c4                __mdiff
 .text.__d2b    0x0000000000008610       0xd0 /opt/homebrew/Cellar/arm-none-eabi-gcc/10.3-2021.07/gcc/bin/../lib/gcc/arm-none-eabi/10.3.1/../../../../arm-none-eabi/lib/thumb/v7e-m+fp/hard/libc.a(lib_a-mprec.o)
                0x0000000000008610                __d2b
 .text.frexp    0x00000000000086e0       0x6c /opt/homebrew/Cellar/arm-none-eabi-gcc/10.3-2021.07/gcc/bin/../lib/gcc/arm-none-eabi/10.3.1/../../../../arm-none-eabi/lib/thumb/v7e-m+fp/hard/libc.a(lib_a-s_frexp.o)
                0x00000000000086e0                frexp
 .text.__sread  0x000000000000874c       0x24 /opt/homebrew/Cellar/arm-none-eabi-gcc/10.3-2021.07/gcc/bin/../lib/gcc/arm-none-eabi/10.3.1/../../../../arm-none-eabi/lib/thumb/v7e-m+fp/hard/libc.a(lib_a-stdio.o)
                0x000000000000874c                __sread
 .text.__swrite
                0x0000000000008770       0x40 /opt/homebrew/Cellar/arm-none-eabi-gcc/10.3-2021.07/gcc/bin/../lib/gcc/arm-none-eabi/10.3.1/../../../../arm-none-eabi/lib/thumb/v7e-m+fp/hard/libc.a(lib_a-stdio.o)
                0x0000000000008770                __swrite
 .text.__sseek  0x00000000000087b0       0x20 /opt/homebrew/Cellar/arm-none-eabi-gcc/10.3-2021.07/gcc/bin/../lib/gcc/arm-none-eabi/10.3.1/../../../../arm-none-eabi/lib/thumb/v7e-m+fp/hard/libc.a(lib_a-stdio.o)
                0x00000000000087b0                __sseek
 .text.__sclose
                0x00000000000087d0        0x8 /opt/homebrew/Cellar/arm-none-eabi-gcc/10.3-2021.07/gcc/bin/../lib/gcc/arm-none-eabi/10.3.1/../../../../arm-none-eabi/lib/thumb/v7e-m+fp/hard/libc.a(lib_a-stdio.o)
                0x00000000000087d0                __sclose
 .text.strncpy  0x00000000000087d8       0x64 /opt/homebrew/Cellar/arm-none-eabi-gcc/10.3-2021.07/gcc/bin/../lib/gcc/arm-none-eabi/10.3.1/../../../../arm-none-eabi/lib/thumb/v7e-m+fp/hard/libc.a(lib_a-strncpy.o)
                0x00000000000087d8                strncpy
 .text.__sprint_r.part.0
                0x000000000000883c       0x78 /opt/homebrew/Cellar/arm-none-eabi-gcc/10.3-2021.07/gcc/bin/../lib/gcc/arm-none-eabi/10.3.1/../../../../arm-none-eabi/lib/thumb/v7e-m+fp/hard/libc.a(lib_a-vfiprintf.o)
 .text.__sprint_r
                0x00000000000088b4       0x18 /opt/homebrew/Cellar/arm-none-eabi-gcc/10.3-2021.07/gcc/bin/../lib/gcc/arm-none-eabi/10.3.1/../../../../arm-none-eabi/lib/thumb/v7e-m+fp/hard/libc.a(lib_a-vfiprintf.o)
                0x00000000000088b4                __sprint_r
 .text._vfiprintf_r
                0x00000000000088cc      0xdfc /opt/homebrew/Cellar/arm-none-eabi-gcc/10.3-2021.07/gcc/bin/../lib/gcc/arm-none-eabi/10.3.1/../../../../arm-none-eabi/lib/thumb/v7e-m+fp/hard/libc.a(lib_a-vfiprintf.o)
                0x00000000000088cc                _vfiprintf_r
 .text.__sbprintf
                0x00000000000096c8       0x80 /opt/homebrew/Cellar/arm-none-eabi-gcc/10.3-2021.07/gcc/bin/../lib/gcc/arm-none-eabi/10.3.1/../../../../arm-none-eabi/lib/thumb/v7e-m+fp/hard/libc.a(lib_a-vfiprintf.o)
 .text._write_r
                0x0000000000009748       0x2c /opt/homebrew/Cellar/arm-none-eabi-gcc/10.3-2021.07/gcc/bin/../lib/gcc/arm-none-eabi/10.3.1/../../../../arm-none-eabi/lib/thumb/v7e-m+fp/hard/libc.a(lib_a-writer.o)
                0x0000000000009748                _write_r
 .text.__register_exitproc
                0x0000000000009774       0x8c /opt/homebrew/Cellar/arm-none-eabi-gcc/10.3-2021.07/gcc/bin/../lib/gcc/arm-none-eabi/10.3.1/../../../../arm-none-eabi/lib/thumb/v7e-m+fp/hard/libc.a(lib_a-__atexit.o)
                0x0000000000009774                __register_exitproc
 .text.__assert_func
                0x0000000000009800       0x40 /opt/homebrew/Cellar/arm-none-eabi-gcc/10.3-2021.07/gcc/bin/../lib/gcc/arm-none-eabi/10.3.1/../../../../arm-none-eabi/lib/thumb/v7e-m+fp/hard/libc.a(lib_a-assert.o)
                0x0000000000009800                __assert_func
 .text._calloc_r
                0x0000000000009840       0x78 /opt/homebrew/Cellar/arm-none-eabi-gcc/10.3-2021.07/gcc/bin/../lib/gcc/arm-none-eabi/10.3.1/../../../../arm-none-eabi/lib/thumb/v7e-m+fp/hard/libc.a(lib_a-callocr.o)
                0x0000000000009840                _calloc_r
 .text._close_r
                0x00000000000098b8       0x24 /opt/homebrew/Cellar/arm-none-eabi-gcc/10.3-2021.07/gcc/bin/../lib/gcc/arm-none-eabi/10.3.1/../../../../arm-none-eabi/lib/thumb/v7e-m+fp/hard/libc.a(lib_a-closer.o)
                0x00000000000098b8                _close_r
 .text.__errno  0x00000000000098dc        0xc /opt/homebrew/Cellar/arm-none-eabi-gcc/10.3-2021.07/gcc/bin/../lib/gcc/arm-none-eabi/10.3.1/../../../../arm-none-eabi/lib/thumb/v7e-m+fp/hard/libc.a(lib_a-errno.o)
                0x00000000000098dc                __errno
 .text._fclose_r
                0x00000000000098e8       0xcc /opt/homebrew/Cellar/arm-none-eabi-gcc/10.3-2021.07/gcc/bin/../lib/gcc/arm-none-eabi/10.3.1/../../../../arm-none-eabi/lib/thumb/v7e-m+fp/hard/libc.a(lib_a-fclose.o)
                0x00000000000098e8                _fclose_r
 .text.fiprintf
                0x00000000000099b4       0x28 /opt/homebrew/Cellar/arm-none-eabi-gcc/10.3-2021.07/gcc/bin/../lib/gcc/arm-none-eabi/10.3.1/../../../../arm-none-eabi/lib/thumb/v7e-m+fp/hard/libc.a(lib_a-fiprintf.o)
                0x00000000000099b4                fiprintf
 .text.__fputwc
                0x00000000000099dc       0xa8 /opt/homebrew/Cellar/arm-none-eabi-gcc/10.3-2021.07/gcc/bin/../lib/gcc/arm-none-eabi/10.3.1/../../../../arm-none-eabi/lib/thumb/v7e-m+fp/hard/libc.a(lib_a-fputwc.o)
                0x00000000000099dc                __fputwc
 .text._fputwc_r
                0x0000000000009a84       0x68 /opt/homebrew/Cellar/arm-none-eabi-gcc/10.3-2021.07/gcc/bin/../lib/gcc/arm-none-eabi/10.3.1/../../../../arm-none-eabi/lib/thumb/v7e-m+fp/hard/libc.a(lib_a-fputwc.o)
                0x0000000000009a84                _fputwc_r
 .text._fstat_r
                0x0000000000009aec       0x2c /opt/homebrew/Cellar/arm-none-eabi-gcc/10.3-2021.07/gcc/bin/../lib/gcc/arm-none-eabi/10.3.1/../../../../arm-none-eabi/lib/thumb/v7e-m+fp/hard/libc.a(lib_a-fstatr.o)
                0x0000000000009aec                _fstat_r
 .text.__sfvwrite_r
                0x0000000000009b18      0x2f0 /opt/homebrew/Cellar/arm-none-eabi-gcc/10.3-2021.07/gcc/bin/../lib/gcc/arm-none-eabi/10.3.1/../../../../arm-none-eabi/lib/thumb/v7e-m+fp/hard/libc.a(lib_a-fvwrite.o)
                0x0000000000009b18                __sfvwrite_r
 .text._isatty_r
                0x0000000000009e08       0x24 /opt/homebrew/Cellar/arm-none-eabi-gcc/10.3-2021.07/gcc/bin/../lib/gcc/arm-none-eabi/10.3.1/../../../../arm-none-eabi/lib/thumb/v7e-m+fp/hard/libc.a(lib_a-isattyr.o)
                0x0000000000009e08                _isatty_r
 .text.__locale_mb_cur_max
                0x0000000000009e2c        0xc /opt/homebrew/Cellar/arm-none-eabi-gcc/10.3-2021.07/gcc/bin/../lib/gcc/arm-none-eabi/10.3.1/../../../../arm-none-eabi/lib/thumb/v7e-m+fp/hard/libc.a(lib_a-locale.o)
                0x0000000000009e2c                __locale_mb_cur_max
 .text._lseek_r
                0x0000000000009e38       0x2c /opt/homebrew/Cellar/arm-none-eabi-gcc/10.3-2021.07/gcc/bin/../lib/gcc/arm-none-eabi/10.3.1/../../../../arm-none-eabi/lib/thumb/v7e-m+fp/hard/libc.a(lib_a-lseekr.o)
                0x0000000000009e38                _lseek_r
 .text.__ascii_mbtowc
                0x0000000000009e64       0x2c /opt/homebrew/Cellar/arm-none-eabi-gcc/10.3-2021.07/gcc/bin/../lib/gcc/arm-none-eabi/10.3.1/../../../../arm-none-eabi/lib/thumb/v7e-m+fp/hard/libc.a(lib_a-mbtowc_r.o)
                0x0000000000009e64                __ascii_mbtowc
 .text.memmove  0x0000000000009e90       0xf8 /opt/homebrew/Cellar/arm-none-eabi-gcc/10.3-2021.07/gcc/bin/../lib/gcc/arm-none-eabi/10.3.1/../../../../arm-none-eabi/lib/thumb/v7e-m+fp/hard/libc.a(lib_a-memmove.o)
                0x0000000000009e90                memmove
 .text._read_r  0x0000000000009f88       0x2c /opt/homebrew/Cellar/arm-none-eabi-gcc/10.3-2021.07/gcc/bin/../lib/gcc/arm-none-eabi/10.3.1/../../../../arm-none-eabi/lib/thumb/v7e-m+fp/hard/libc.a(lib_a-readr.o)
                0x0000000000009f88                _read_r
 .text._realloc_r
                0x0000000000009fb4      0x3d8 /opt/homebrew/Cellar/arm-none-eabi-gcc/10.3-2021.07/gcc/bin/../lib/gcc/arm-none-eabi/10.3.1/../../../../arm-none-eabi/lib/thumb/v7e-m+fp/hard/libc.a(lib_a-reallocr.o)
                0x0000000000009fb4                _realloc_r
 .text.__swbuf_r
                0x000000000000a38c       0xb0 /opt/homebrew/Cellar/arm-none-eabi-gcc/10.3-2021.07/gcc/bin/../lib/gcc/arm-none-eabi/10.3.1/../../../../arm-none-eabi/lib/thumb/v7e-m+fp/hard/libc.a(lib_a-wbuf.o)
                0x000000000000a38c                __swbuf_r
 .text._wcrtomb_r
                0x000000000000a43c       0x3c /opt/homebrew/Cellar/arm-none-eabi-gcc/10.3-2021.07/gcc/bin/../lib/gcc/arm-none-eabi/10.3.1/../../../../arm-none-eabi/lib/thumb/v7e-m+fp/hard/libc.a(lib_a-wcrtomb.o)
                0x000000000000a43c                _wcrtomb_r
 .text.__ascii_wctomb
                0x000000000000a478       0x1c /opt/homebrew/Cellar/arm-none-eabi-gcc/10.3-2021.07/gcc/bin/../lib/gcc/arm-none-eabi/10.3.1/../../../../arm-none-eabi/lib/thumb/v7e-m+fp/hard/libc.a(lib_a-wctomb_r.o)
                0x000000000000a478                __ascii_wctomb
 .text.abort    0x000000000000a494       0x10 /opt/homebrew/Cellar/arm-none-eabi-gcc/10.3-2021.07/gcc/bin/../lib/gcc/arm-none-eabi/10.3.1/../../../../arm-none-eabi/lib/thumb/v7e-m+fp/hard/libc.a(lib_a-abort.o)
                0x000000000000a494                abort
 .text.raise    0x000000000000a4a4       0x5c /opt/homebrew/Cellar/arm-none-eabi-gcc/10.3-2021.07/gcc/bin/../lib/gcc/arm-none-eabi/10.3.1/../../../../arm-none-eabi/lib/thumb/v7e-m+fp/hard/libc.a(lib_a-signal.o)
                0x000000000000a4a4                raise
 .text._kill_r  0x000000000000a500       0x2c /opt/homebrew/Cellar/arm-none-eabi-gcc/10.3-2021.07/gcc/bin/../lib/gcc/arm-none-eabi/10.3.1/../../../../arm-none-eabi/lib/thumb/v7e-m+fp/hard/libc.a(lib_a-signalr.o)
                0x000000000000a500                _kill_r
 .text._getpid_r
                0x000000000000a52c        0x4 /opt/homebrew/Cellar/arm-none-eabi-gcc/10.3-2021.07/gcc/bin/../lib/gcc/arm-none-eabi/10.3.1/../../../../arm-none-eabi/lib/thumb/v7e-m+fp/hard/libc.a(lib_a-signalr.o)
                0x000000000000a52c                _getpid_r
 .text._close   0x000000000000a530       0x10 /opt/homebrew/Cellar/arm-none-eabi-gcc/10.3-2021.07/gcc/bin/../lib/gcc/arm-none-eabi/10.3.1/../../../../arm-none-eabi/lib/thumb/v7e-m+fp/hard/libnosys.a(close.o)
                0x000000000000a530                _close
 .text._fstat   0x000000000000a540       0x10 /opt/homebrew/Cellar/arm-none-eabi-gcc/10.3-2021.07/gcc/bin/../lib/gcc/arm-none-eabi/10.3.1/../../../../arm-none-eabi/lib/thumb/v7e-m+fp/hard/libnosys.a(fstat.o)
                0x000000000000a540                _fstat
 .text._getpid  0x000000000000a550       0x10 /opt/homebrew/Cellar/arm-none-eabi-gcc/10.3-2021.07/gcc/bin/../lib/gcc/arm-none-eabi/10.3.1/../../../../arm-none-eabi/lib/thumb/v7e-m+fp/hard/libnosys.a(getpid.o)
                0x000000000000a550                _getpid
 .text._isatty  0x000000000000a560       0x10 /opt/homebrew/Cellar/arm-none-eabi-gcc/10.3-2021.07/gcc/bin/../lib/gcc/arm-none-eabi/10.3.1/../../../../arm-none-eabi/lib/thumb/v7e-m+fp/hard/libnosys.a(isatty.o)
                0x000000000000a560                _isatty
 .text._kill    0x000000000000a570       0x10 /opt/homebrew/Cellar/arm-none-eabi-gcc/10.3-2021.07/gcc/bin/../lib/gcc/arm-none-eabi/10.3.1/../../../../arm-none-eabi/lib/thumb/v7e-m+fp/hard/libnosys.a(kill.o)
                0x000000000000a570                _kill
 .text._lseek   0x000000000000a580       0x10 /opt/homebrew/Cellar/arm-none-eabi-gcc/10.3-2021.07/gcc/bin/../lib/gcc/arm-none-eabi/10.3.1/../../../../arm-none-eabi/lib/thumb/v7e-m+fp/hard/libnosys.a(lseek.o)
                0x000000000000a580                _lseek
 .text._sbrk    0x000000000000a590       0x1c /opt/homebrew/Cellar/arm-none-eabi-gcc/10.3-2021.07/gcc/bin/../lib/gcc/arm-none-eabi/10.3.1/../../../../arm-none-eabi/lib/thumb/v7e-m+fp/hard/libnosys.a(sbrk.o)
                0x000000000000a590                _sbrk
 .text._exit    0x000000000000a5ac        0x4 /opt/homebrew/Cellar/arm-none-eabi-gcc/10.3-2021.07/gcc/bin/../lib/gcc/arm-none-eabi/10.3.1/../../../../arm-none-eabi/lib/thumb/v7e-m+fp/hard/libnosys.a(_exit.o)
                0x000000000000a5ac                _exit
 .text          0x000000000000a5b0      0x378 /opt/homebrew/Cellar/arm-none-eabi-gcc/10.3-2021.07/gcc/bin/../lib/gcc/arm-none-eabi/10.3.1/thumb/v7e-m+fp/hard/libgcc.a(_arm_addsubdf3.o)
                0x000000000000a5b0                __aeabi_drsub
                0x000000000000a5b8                __subdf3
                0x000000000000a5b8                __aeabi_dsub
                0x000000000000a5bc                __aeabi_dadd
                0x000000000000a5bc                __adddf3
                0x000000000000a834                __aeabi_ui2d
                0x000000000000a834                __floatunsidf
                0x000000000000a854                __floatsidf
                0x000000000000a854                __aeabi_i2d
                0x000000000000a878                __extendsfdf2
                0x000000000000a878                __aeabi_f2d
                0x000000000000a8bc                __aeabi_ul2d
                0x000000000000a8bc                __floatundidf
                0x000000000000a8cc                __aeabi_l2d
                0x000000000000a8cc                __floatdidf
 .text          0x000000000000a928      0x424 /opt/homebrew/Cellar/arm-none-eabi-gcc/10.3-2021.07/gcc/bin/../lib/gcc/arm-none-eabi/10.3.1/thumb/v7e-m+fp/hard/libgcc.a(_arm_muldivdf3.o)
                0x000000000000a928                __aeabi_dmul
                0x000000000000a928                __muldf3
                0x000000000000ab7c                __aeabi_ddiv
                0x000000000000ab7c                __divdf3
 .text          0x000000000000ad4c      0x110 /opt/homebrew/Cellar/arm-none-eabi-gcc/10.3-2021.07/gcc/bin/../lib/gcc/arm-none-eabi/10.3.1/thumb/v7e-m+fp/hard/libgcc.a(_arm_cmpdf2.o)
                0x000000000000ad4c                __gedf2
                0x000000000000ad4c                __gtdf2
                0x000000000000ad54                __ledf2
                0x000000000000ad54                __ltdf2
                0x000000000000ad5c                __cmpdf2
                0x000000000000ad5c                __eqdf2
                0x000000000000ad5c                __nedf2
                0x000000000000add8                __aeabi_cdrcmple
                0x000000000000ade8                __aeabi_cdcmple
                0x000000000000ade8                __aeabi_cdcmpeq
                0x000000000000adf8                __aeabi_dcmpeq
                0x000000000000ae0c                __aeabi_dcmplt
                0x000000000000ae20                __aeabi_dcmple
                0x000000000000ae34                __aeabi_dcmpge
                0x000000000000ae48                __aeabi_dcmpgt
 .text          0x000000000000ae5c       0x2c /opt/homebrew/Cellar/arm-none-eabi-gcc/10.3-2021.07/gcc/bin/../lib/gcc/arm-none-eabi/10.3.1/thumb/v7e-m+fp/hard/libgcc.a(_arm_unorddf2.o)
                0x000000000000ae5c                __aeabi_dcmpun
                0x000000000000ae5c                __unorddf2
 .text          0x000000000000ae88       0x50 /opt/homebrew/Cellar/arm-none-eabi-gcc/10.3-2021.07/gcc/bin/../lib/gcc/arm-none-eabi/10.3.1/thumb/v7e-m+fp/hard/libgcc.a(_arm_fixdfsi.o)
                0x000000000000ae88                __fixdfsi
                0x000000000000ae88                __aeabi_d2iz
 .text          0x000000000000aed8       0xa0 /opt/homebrew/Cellar/arm-none-eabi-gcc/10.3-2021.07/gcc/bin/../lib/gcc/arm-none-eabi/10.3.1/thumb/v7e-m+fp/hard/libgcc.a(_arm_truncdfsf2.o)
                0x000000000000aed8                __aeabi_d2f
                0x000000000000aed8                __truncdfsf2
 .text          0x000000000000af78       0x30 /opt/homebrew/Cellar/arm-none-eabi-gcc/10.3-2021.07/gcc/bin/../lib/gcc/arm-none-eabi/10.3.1/thumb/v7e-m+fp/hard/libgcc.a(_aeabi_uldivmod.o)
                0x000000000000af78                __aeabi_uldivmod
 .text          0x000000000000afa8      0x2d0 /opt/homebrew/Cellar/arm-none-eabi-gcc/10.3-2021.07/gcc/bin/../lib/gcc/arm-none-eabi/10.3.1/thumb/v7e-m+fp/hard/libgcc.a(_udivmoddi4.o)
                0x000000000000afa8                __udivmoddi4
 .text          0x000000000000b278        0x4 /opt/homebrew/Cellar/arm-none-eabi-gcc/10.3-2021.07/gcc/bin/../lib/gcc/arm-none-eabi/10.3.1/thumb/v7e-m+fp/hard/libgcc.a(_dvmd_tls.o)
                0x000000000000b278                __aeabi_ldiv0
                0x000000000000b278                __aeabi_idiv0
 *(.init)
 .init          0x000000000000b27c        0x4 /opt/homebrew/Cellar/arm-none-eabi-gcc/10.3-2021.07/gcc/bin/../lib/gcc/arm-none-eabi/10.3.1/thumb/v7e-m+fp/hard/crti.o
                0x000000000000b27c                _init
 .init          0x000000000000b280        0x8 /opt/homebrew/Cellar/arm-none-eabi-gcc/10.3-2021.07/gcc/bin/../lib/gcc/arm-none-eabi/10.3.1/thumb/v7e-m+fp/hard/crtn.o
 *(.fini)
 .fini          0x000000000000b288        0x4 /opt/homebrew/Cellar/arm-none-eabi-gcc/10.3-2021.07/gcc/bin/../lib/gcc/arm-none-eabi/10.3.1/thumb/v7e-m+fp/hard/crti.o
                0x000000000000b288                _fini
 .fini          0x000000000000b28c        0x8 /opt/homebrew/Cellar/arm-none-eabi-gcc/10.3-2021.07/gcc/bin/../lib/gcc/arm-none-eabi/10.3.1/thumb/v7e-m+fp/hard/crtn.o
 *crtbegin.o(.ctors)
 *crtbegin?.o(.ctors)
 *(EXCLUDE_FILE(*crtend.o *crtend?.o) .ctors)
 *(SORT_BY_NAME(.ctors.*))
 *(.ctors)
 *crtbegin.o(.dtors)
 *crtbegin?.o(.dtors)
 *(EXCLUDE_FILE(*crtend.o *crtend?.o) .dtors)
 *(SORT_BY_NAME(.dtors.*))
 *(.dtors)
 *(.rodata*)
 .rodata.PWM_INST
                0x000000000000b294        0x8 _build/audio.o
 .rodata.nrf_gpio_pin_port_decode.str1.1
                0x000000000000b29c       0x40 _build/input.o
 .rodata.main.str1.1
                0x000000000000b2dc       0x1a _build/main.o
 .rodata.clap   0x000000000000b2f6     0x2d00 _build/main.o
                0x000000000000b2f6                clap
 *fill*         0x000000000000dff6        0xa 
 .rodata.delay_machine_code.0
                0x000000000000e000        0x6 _build/main.o
 .rodata.hi_hat
                0x000000000000e006     0x1b00 _build/main.o
                0x000000000000e006                hi_hat
 .rodata.kick   0x000000000000fb06     0x3f00 _build/main.o
                0x000000000000fb06                kick
 .rodata.snare  0x0000000000013a06     0x2400 _build/main.o
                0x0000000000013a06                snare
 *fill*         0x0000000000015e06        0x2 
 .rodata        0x0000000000015e08        0x8 _build/stopwatch.o
 .rodata.list_insert_sorted.str1.1
                0x0000000000015e10       0x56 _build/timer_linked_list.o
 *fill*         0x0000000000015e66        0xa 
 .rodata.delay_machine_code.0
                0x0000000000015e70        0x6 _build/timer_linked_list.o
 .rodata.nrf_gpio_pin_port_decode.str1.1
                0x0000000000015e76       0x40 _build/better_error_handling.o
 .rodata.app_error_fault_handler.str1.1
                0x0000000000015e76       0x78 _build/better_error_handling.o
 .rodata.LED_COLS
                0x0000000000015eee        0x5 _build/better_error_handling.o
 .rodata.LED_ROWS
                0x0000000000015ef3        0x5 _build/better_error_handling.o
 *fill*         0x0000000000015ef8        0x8 
 .rodata.delay_machine_code.0
                0x0000000000015f00        0x6 _build/better_error_handling.o
 .rodata.called_first.str1.1
                0x0000000000015f06       0x6a _build/microbit_before_startup.o
 .rodata.delay_machine_code.0
                0x0000000000015f70        0x6 _build/microbit_before_startup.o
 .rodata.uart_init.constprop.0.str1.1
                0x0000000000015f76       0x70 _build/microbit_nrf_log_backend_uart.o
 *fill*         0x0000000000015fe6        0x2 
 .rodata        0x0000000000015fe8       0x20 _build/microbit_nrf_log_backend_uart.o
 .rodata.nrf_log_backend_uart_api
                0x0000000000016008        0xc _build/microbit_nrf_log_backend_uart.o
                0x0000000000016008                nrf_log_backend_uart_api
 *fill*         0x0000000000016014        0xc 
 .rodata.delay_machine_code.0
                0x0000000000016020        0x6 _build/app_timer.o
 .rodata.app_util_critical_region_enter.str1.1
                0x0000000000016026       0x52 _build/app_util_platform.o
 .rodata.HardFault_c_handler.str1.1
                0x0000000000016078      0x12e _build/hardfault_implementation.o
 .rodata.str1.1
                0x00000000000161a6      0x4c0 _build/hardfault_implementation.o
 *fill*         0x0000000000016666        0x2 
 .rodata.cfsr_msgs.0
                0x0000000000016668       0x68 _build/hardfault_implementation.o
 .rodata.nrf_balloc_init.str1.1
                0x00000000000166d0       0x4d _build/nrf_balloc.o
 .rodata.str1.1
                0x000000000001671d        0x6 _build/nrf_drv_clock.o
 .rodata.nrf_fprintf_buffer_flush.str1.1
                0x0000000000016723       0x43 _build/nrf_fprintf.o
 .rodata.nrf_fprintf_fmt.str1.1
                0x0000000000016766       0x4a _build/nrf_fprintf_format.o
 .rodata._aV2C.0
                0x00000000000167b0       0x10 _build/nrf_fprintf_format.o
 .rodata.nrf_log_default_backends_init.str1.1
                0x00000000000167c0       0x5c _build/nrf_log_default_backends.o
 .rodata.str1.1
                0x000000000001681c       0x11 _build/nrf_log_default_backends.o
 .rodata.buf_prealloc.str1.1
                0x000000000001682d       0x54 _build/nrf_log_frontend.o
 .rodata.nrf_log_frontend_dequeue.str1.1
                0x0000000000016881       0x11 _build/nrf_log_frontend.o
 .rodata.str1.1
                0x0000000000016892        0x4 _build/nrf_log_frontend.o
 *fill*         0x0000000000016896        0x2 
 .rodata.m_log_push_ringbuf
                0x0000000000016898        0xc _build/nrf_log_frontend.o
 .rodata.prefix_process.str1.1
                0x00000000000168a4       0x32 _build/nrf_log_str_formatter.o
 .rodata.postfix_process.str1.1
                0x00000000000168d6       0x32 _build/nrf_log_str_formatter.o
                                          0x3 (size before relaxing)
 .rodata.nrf_log_hexdump_entry_process.str1.1
                0x00000000000168d6        0xf _build/nrf_log_str_formatter.o
                                         0x11 (size before relaxing)
 .rodata.str1.1
                0x00000000000168e5       0x4b _build/nrf_log_str_formatter.o
                                         0x51 (size before relaxing)
 .rodata.m_colors
                0x0000000000016930       0x24 _build/nrf_log_str_formatter.o
 .rodata.severity_names
                0x0000000000016954       0x14 _build/nrf_log_str_formatter.o
 .rodata.memobj_op.str1.1
                0x0000000000016968       0x4d _build/nrf_memobj.o
 .rodata.str1.1
                0x00000000000169b5        0x9 _build/nrf_pwr_mgmt.o
 .rodata.str1.1
                0x00000000000169be      0x391 _build/nrf_strerror.o
 .rodata.m_unknown_str
                0x0000000000016d4f       0x13 _build/nrf_strerror.o
 *fill*         0x0000000000016d62        0x2 
 .rodata.nrf_strerror_array
                0x0000000000016d64      0x118 _build/nrf_strerror.o
 .rodata.str1.1
                0x0000000000016e7c        0x6 _build/nrfx_clock.o
 .rodata.nrf_gpio_pin_port_decode.str1.1
                0x0000000000016e82       0x40 _build/nrfx_gpiote.o
 .rodata.str1.1
                0x0000000000016e82        0x7 _build/nrfx_gpiote.o
 .rodata.UARTE0_UART0_IRQHandler.str1.1
                0x0000000000016e89       0x4c _build/nrfx_prs.o
 .rodata.str1.1
                0x0000000000016ed5        0x4 _build/nrfx_prs.o
 .rodata.nrf_gpio_pin_port_decode.str1.1
                0x0000000000016ed9       0x40 _build/nrfx_pwm.o
 .rodata.nrf_pwm_sequence_set.str1.1
                0x0000000000016ed9       0x3f _build/nrfx_pwm.o
 .rodata.nrfx_pwm_init.str1.1
                0x0000000000016f18       0x89 _build/nrfx_pwm.o
 .rodata.str1.1
                0x0000000000016fa1        0x4 _build/nrfx_pwm.o
 .rodata.str1.1
                0x0000000000016fa5        0x6 _build/nrfx_saadc.o
 .rodata.nrf_gpio_pin_port_decode.str1.1
                0x0000000000016fab       0x40 _build/nrfx_spim.o
 .rodata.SPIM2_SPIS2_SPI2_IRQHandler.str1.1
                0x0000000000016fab       0x49 _build/nrfx_spim.o
 .rodata.str1.1
                0x0000000000016ff4        0x5 _build/nrfx_spim.o
 .rodata.nrfx_timer_init.str1.1
                0x0000000000016ff9       0x4a _build/nrfx_timer.o
                                         0x8b (size before relaxing)
 .rodata.str1.1
                0x0000000000017043        0x6 _build/nrfx_timer.o
 .rodata.twim_irq_handler.str1.1
                0x0000000000017049       0x49 _build/nrfx_twim.o
 .rodata.str1.1
                0x0000000000017092        0x5 _build/nrfx_twim.o
 .rodata.nrf_gpio_pin_port_decode.str1.1
                0x0000000000017097       0x40 _build/nrfx_uart.o
 .rodata.nrfx_uart_init.str1.1
                0x0000000000017097       0x49 _build/nrfx_uart.o
                                         0x8a (size before relaxing)
 .rodata.str1.1
                0x00000000000170e0        0x5 _build/nrfx_uart.o
 .rodata.nrf_gpio_pin_port_decode.str1.1
                0x00000000000170e5       0x40 _build/nrfx_uarte.o
 .rodata.nrfx_uarte_init.str1.1
                0x00000000000170e5       0x4a _build/nrfx_uarte.o
                                         0x8b (size before relaxing)
 .rodata.str1.1
                0x000000000001712f        0x6 _build/nrfx_uarte.o
 *fill*         0x0000000000017135        0x3 
 .rodata._ctype_
                0x0000000000017138      0x101 /opt/homebrew/Cellar/arm-none-eabi-gcc/10.3-2021.07/gcc/bin/../lib/gcc/arm-none-eabi/10.3.1/../../../../arm-none-eabi/lib/thumb/v7e-m+fp/hard/libc.a(lib_a-ctype_.o)
                0x0000000000017138                _ctype_
 *fill*         0x0000000000017239        0x3 
 .rodata._global_impure_ptr
                0x000000000001723c        0x4 /opt/homebrew/Cellar/arm-none-eabi-gcc/10.3-2021.07/gcc/bin/../lib/gcc/arm-none-eabi/10.3.1/../../../../arm-none-eabi/lib/thumb/v7e-m+fp/hard/libc.a(lib_a-impure.o)
                0x000000000001723c                _global_impure_ptr
 .rodata._vfprintf_r.str1.4
                0x0000000000017240       0x42 /opt/homebrew/Cellar/arm-none-eabi-gcc/10.3-2021.07/gcc/bin/../lib/gcc/arm-none-eabi/10.3.1/../../../../arm-none-eabi/lib/thumb/v7e-m+fp/hard/libc.a(lib_a-vfprintf.o)
 *fill*         0x0000000000017282        0x2 
 .rodata.blanks.1
                0x0000000000017284       0x10 /opt/homebrew/Cellar/arm-none-eabi-gcc/10.3-2021.07/gcc/bin/../lib/gcc/arm-none-eabi/10.3.1/../../../../arm-none-eabi/lib/thumb/v7e-m+fp/hard/libc.a(lib_a-vfprintf.o)
 .rodata.zeroes.0
                0x0000000000017294       0x10 /opt/homebrew/Cellar/arm-none-eabi-gcc/10.3-2021.07/gcc/bin/../lib/gcc/arm-none-eabi/10.3.1/../../../../arm-none-eabi/lib/thumb/v7e-m+fp/hard/libc.a(lib_a-vfprintf.o)
 .rodata._dtoa_r.str1.4
                0x00000000000172a4       0x7e /opt/homebrew/Cellar/arm-none-eabi-gcc/10.3-2021.07/gcc/bin/../lib/gcc/arm-none-eabi/10.3.1/../../../../arm-none-eabi/lib/thumb/v7e-m+fp/hard/libc.a(lib_a-dtoa.o)
                                         0x82 (size before relaxing)
 *fill*         0x0000000000017322        0x2 
 .rodata.__multadd.str1.4
                0x0000000000017324       0x5b /opt/homebrew/Cellar/arm-none-eabi-gcc/10.3-2021.07/gcc/bin/../lib/gcc/arm-none-eabi/10.3.1/../../../../arm-none-eabi/lib/thumb/v7e-m+fp/hard/libc.a(lib_a-mprec.o)
                                         0x6f (size before relaxing)
 *fill*         0x000000000001737f        0x1 
 .rodata.__mprec_bigtens
                0x0000000000017380       0x28 /opt/homebrew/Cellar/arm-none-eabi-gcc/10.3-2021.07/gcc/bin/../lib/gcc/arm-none-eabi/10.3.1/../../../../arm-none-eabi/lib/thumb/v7e-m+fp/hard/libc.a(lib_a-mprec.o)
                0x0000000000017380                __mprec_bigtens
 .rodata.__mprec_tens
                0x00000000000173a8       0xc8 /opt/homebrew/Cellar/arm-none-eabi-gcc/10.3-2021.07/gcc/bin/../lib/gcc/arm-none-eabi/10.3.1/../../../../arm-none-eabi/lib/thumb/v7e-m+fp/hard/libc.a(lib_a-mprec.o)
                0x00000000000173a8                __mprec_tens
 .rodata.p05.0  0x0000000000017470        0xc /opt/homebrew/Cellar/arm-none-eabi-gcc/10.3-2021.07/gcc/bin/../lib/gcc/arm-none-eabi/10.3.1/../../../../arm-none-eabi/lib/thumb/v7e-m+fp/hard/libc.a(lib_a-mprec.o)
 .rodata._vfiprintf_r.str1.4
                0x000000000001747c       0x2f /opt/homebrew/Cellar/arm-none-eabi-gcc/10.3-2021.07/gcc/bin/../lib/gcc/arm-none-eabi/10.3.1/../../../../arm-none-eabi/lib/thumb/v7e-m+fp/hard/libc.a(lib_a-vfiprintf.o)
 .rodata.blanks.1
                0x000000000001747c       0x10 /opt/homebrew/Cellar/arm-none-eabi-gcc/10.3-2021.07/gcc/bin/../lib/gcc/arm-none-eabi/10.3.1/../../../../arm-none-eabi/lib/thumb/v7e-m+fp/hard/libc.a(lib_a-vfiprintf.o)
 .rodata.zeroes.0
                0x000000000001748c       0x10 /opt/homebrew/Cellar/arm-none-eabi-gcc/10.3-2021.07/gcc/bin/../lib/gcc/arm-none-eabi/10.3.1/../../../../arm-none-eabi/lib/thumb/v7e-m+fp/hard/libc.a(lib_a-vfiprintf.o)
 .rodata.__assert_func.str1.4
                0x000000000001749c       0x3f /opt/homebrew/Cellar/arm-none-eabi-gcc/10.3-2021.07/gcc/bin/../lib/gcc/arm-none-eabi/10.3.1/../../../../arm-none-eabi/lib/thumb/v7e-m+fp/hard/libc.a(lib_a-assert.o)
                                         0x43 (size before relaxing)
 *fill*         0x00000000000174db        0x1 
 .rodata._setlocale_r.str1.4
                0x00000000000174dc        0xa /opt/homebrew/Cellar/arm-none-eabi-gcc/10.3-2021.07/gcc/bin/../lib/gcc/arm-none-eabi/10.3.1/../../../../arm-none-eabi/lib/thumb/v7e-m+fp/hard/libc.a(lib_a-locale.o)
                                          0xd (size before relaxing)
 *fill*         0x00000000000174e6        0x2 
 .rodata.str1.4
                0x00000000000174e8        0x2 /opt/homebrew/Cellar/arm-none-eabi-gcc/10.3-2021.07/gcc/bin/../lib/gcc/arm-none-eabi/10.3.1/../../../../arm-none-eabi/lib/thumb/v7e-m+fp/hard/libc.a(lib_a-locale.o)
 *(.eh_frame*)
 *fill*         0x00000000000174ea        0x2 
 .eh_frame      0x00000000000174ec        0x0 /opt/homebrew/Cellar/arm-none-eabi-gcc/10.3-2021.07/gcc/bin/../lib/gcc/arm-none-eabi/10.3.1/thumb/v7e-m+fp/hard/crtbegin.o
 .eh_frame      0x00000000000174ec        0x4 /opt/homebrew/Cellar/arm-none-eabi-gcc/10.3-2021.07/gcc/bin/../lib/gcc/arm-none-eabi/10.3.1/thumb/v7e-m+fp/hard/crtend.o

.glue_7         0x00000000000174f0        0x0
 .glue_7        0x00000000000174f0        0x0 linker stubs

.glue_7t        0x00000000000174f0        0x0
 .glue_7t       0x00000000000174f0        0x0 linker stubs

.vfp11_veneer   0x00000000000174f0        0x0
 .vfp11_veneer  0x00000000000174f0        0x0 linker stubs

.v4_bx          0x00000000000174f0        0x0
 .v4_bx         0x00000000000174f0        0x0 linker stubs

.iplt           0x00000000000174f0        0x0
 .iplt          0x00000000000174f0        0x0 /opt/homebrew/Cellar/arm-none-eabi-gcc/10.3-2021.07/gcc/bin/../lib/gcc/arm-none-eabi/10.3.1/thumb/v7e-m+fp/hard/crtbegin.o

.pwr_mgmt_data  0x00000000000174f0        0x0
                0x00000000000174f0                PROVIDE (__start_pwr_mgmt_data = .)
 *(SORT_BY_NAME(.pwr_mgmt_data*))
                0x00000000000174f0                PROVIDE (__stop_pwr_mgmt_data = .)

.log_const_data
                0x00000000000174f0       0x70
                0x00000000000174f0                PROVIDE (__start_log_const_data = .)
 *(SORT_BY_NAME(.log_const_data*))
 .log_const_data_CLOCK
                0x00000000000174f0        0x8 _build/nrfx_clock.o
                0x00000000000174f0                m_nrf_log_CLOCK_logs_data_const
 .log_const_data_GPIOTE
                0x00000000000174f8        0x8 _build/nrfx_gpiote.o
                0x00000000000174f8                m_nrf_log_GPIOTE_logs_data_const
 .log_const_data_PRS
                0x0000000000017500        0x8 _build/nrfx_prs.o
                0x0000000000017500                m_nrf_log_PRS_logs_data_const
 .log_const_data_PWM
                0x0000000000017508        0x8 _build/nrfx_pwm.o
                0x0000000000017508                m_nrf_log_PWM_logs_data_const
 .log_const_data_SAADC
                0x0000000000017510        0x8 _build/nrfx_saadc.o
                0x0000000000017510                m_nrf_log_SAADC_logs_data_const
 .log_const_data_SPIM
                0x0000000000017518        0x8 _build/nrfx_spim.o
                0x0000000000017518                m_nrf_log_SPIM_logs_data_const
 .log_const_data_TIMER
                0x0000000000017520        0x8 _build/nrfx_timer.o
                0x0000000000017520                m_nrf_log_TIMER_logs_data_const
 .log_const_data_TWIM
                0x0000000000017528        0x8 _build/nrfx_twim.o
                0x0000000000017528                m_nrf_log_TWIM_logs_data_const
 .log_const_data_UART
                0x0000000000017530        0x8 _build/nrfx_uart.o
                0x0000000000017530                m_nrf_log_UART_logs_data_const
 .log_const_data_UARTE
                0x0000000000017538        0x8 _build/nrfx_uarte.o
                0x0000000000017538                m_nrf_log_UARTE_logs_data_const
 .log_const_data_app
                0x0000000000017540        0x8 _build/nrf_log_frontend.o
                0x0000000000017540                m_nrf_log_app_logs_data_const
 .log_const_data_clock
                0x0000000000017548        0x8 _build/nrf_drv_clock.o
                0x0000000000017548                m_nrf_log_clock_logs_data_const
 .log_const_data_hardfault
                0x0000000000017550        0x8 _build/hardfault_implementation.o
                0x0000000000017550                m_nrf_log_hardfault_logs_data_const
 .log_const_data_pwr_mgmt
                0x0000000000017558        0x8 _build/nrf_pwr_mgmt.o
                0x0000000000017558                m_nrf_log_pwr_mgmt_logs_data_const
                0x0000000000017560                PROVIDE (__stop_log_const_data = .)

.nrf_balloc     0x0000000000017560       0x14
                [!provide]                        PROVIDE (__start_nrf_balloc = .)
 *(.nrf_balloc)
 .nrf_balloc    0x0000000000017560       0x14 _build/nrf_log_frontend.o
                0x0000000000017560                log_mempool
                [!provide]                        PROVIDE (__stop_nrf_balloc = .)

.log_backends   0x0000000000017574       0x10
 .log_backends  0x0000000000017574       0x10 _build/nrf_log_default_backends.o

.nrf_queue      0x0000000000017584        0x0
                [!provide]                        PROVIDE (__start_nrf_queue = .)
 *(.nrf_queue)
                [!provide]                        PROVIDE (__stop_nrf_queue = .)

.cli_command    0x0000000000017584        0x0
                [!provide]                        PROVIDE (__start_cli_command = .)
 *(.cli_command)
                [!provide]                        PROVIDE (__stop_cli_command = .)

.sdh_stack_observers
                0x0000000000017584        0x0
                [!provide]                        PROVIDE (__start_sdh_stack_observers = .)
 *(SORT_BY_NAME(.sdh_stack_observers*))
                [!provide]                        PROVIDE (__stop_sdh_stack_observers = .)

.sdh_req_observers
                0x0000000000017584        0x0
                [!provide]                        PROVIDE (__start_sdh_req_observers = .)
 *(SORT_BY_NAME(.sdh_req_observers*))
                [!provide]                        PROVIDE (__stop_sdh_req_observers = .)

.sdh_state_observers
                0x0000000000017584        0x0
                [!provide]                        PROVIDE (__start_sdh_state_observers = .)
 *(SORT_BY_NAME(.sdh_state_observers*))
                [!provide]                        PROVIDE (__stop_sdh_state_observers = .)

.sdh_ant_observers
                0x0000000000017584        0x0
                [!provide]                        PROVIDE (__start_sdh_ant_observers = .)
 *(SORT_BY_NAME(.sdh_ant_observers*))
                [!provide]                        PROVIDE (__stop_sdh_ant_observers = .)

.sdh_ble_observers
                0x0000000000017584        0x0
                [!provide]                        PROVIDE (__start_sdh_ble_observers = .)
 *(SORT_BY_NAME(.sdh_ble_observers*))
                [!provide]                        PROVIDE (__stop_sdh_ble_observers = .)

.sdh_soc_observers
                0x0000000000017584        0x0
                [!provide]                        PROVIDE (__start_sdh_soc_observers = .)
 *(SORT_BY_NAME(.sdh_soc_observers*))
                [!provide]                        PROVIDE (__stop_sdh_soc_observers = .)

.crypto_data    0x0000000000017584        0x0
                [!provide]                        PROVIDE (__start_crypto_data = .)
 *(SORT_BY_NAME(.crypto_data*))
                [!provide]                        PROVIDE (__stop_crypto_data = .)

.ARM.extab
 *(.ARM.extab* .gnu.linkonce.armextab.*)
                0x0000000000017584                __exidx_start = .

.ARM.exidx      0x0000000000017584        0x8
 *(.ARM.exidx* .gnu.linkonce.armexidx.*)
 .ARM.exidx     0x0000000000017584        0x8 /opt/homebrew/Cellar/arm-none-eabi-gcc/10.3-2021.07/gcc/bin/../lib/gcc/arm-none-eabi/10.3.1/../../../../arm-none-eabi/lib/thumb/v7e-m+fp/hard/crt0.o
                                         0x10 (size before relaxing)
 .ARM.exidx     0x000000000001758c        0x0 /opt/homebrew/Cellar/arm-none-eabi-gcc/10.3-2021.07/gcc/bin/../lib/gcc/arm-none-eabi/10.3.1/thumb/v7e-m+fp/hard/libgcc.a(_udivmoddi4.o)
                                          0x8 (size before relaxing)
                0x000000000001758c                __exidx_end = .
                0x000000000001758c                __etext = .

.rel.dyn        0x000000000001758c        0x0
 .rel.iplt      0x000000000001758c        0x0 /opt/homebrew/Cellar/arm-none-eabi-gcc/10.3-2021.07/gcc/bin/../lib/gcc/arm-none-eabi/10.3.1/thumb/v7e-m+fp/hard/crtbegin.o

.data           0x0000000020000000      0x9f8 load address 0x000000000001758c
                0x0000000020000000                __data_start__ = .
 *(vtable)
 *(.data*)
 .data.MPC_BUTTON_1
                0x0000000020000000        0x4 _build/main.o
                0x0000000020000000                MPC_BUTTON_1
 .data.MPC_BUTTON_2
                0x0000000020000004        0x4 _build/main.o
                0x0000000020000004                MPC_BUTTON_2
 .data.MPC_BUTTON_3
                0x0000000020000008        0x4 _build/main.o
                0x0000000020000008                MPC_BUTTON_3
 .data.MPC_BUTTON_4
                0x000000002000000c        0x4 _build/main.o
                0x000000002000000c                MPC_BUTTON_4
 .data.PATTERN_PLAYBACK_STOPWATCH
                0x0000000020000010        0x8 _build/stopwatch.o
 .data.m_uart   0x0000000020000018       0x14 _build/microbit_nrf_log_backend_uart.o
                0x0000000020000018                m_uart
 .data.log_backend_cb_uart_log_backend
                0x000000002000002c        0x8 _build/nrf_log_default_backends.o
 .data.SystemCoreClock
                0x0000000020000034        0x4 _build/system_nrf52833.o
                0x0000000020000034                SystemCoreClock
 .data._impure_ptr
                0x0000000020000038        0x4 /opt/homebrew/Cellar/arm-none-eabi-gcc/10.3-2021.07/gcc/bin/../lib/gcc/arm-none-eabi/10.3.1/../../../../arm-none-eabi/lib/thumb/v7e-m+fp/hard/libc.a(lib_a-impure.o)
                0x0000000020000038                _impure_ptr
 *fill*         0x000000002000003c        0x4 
 .data.impure_data
                0x0000000020000040      0x428 /opt/homebrew/Cellar/arm-none-eabi-gcc/10.3-2021.07/gcc/bin/../lib/gcc/arm-none-eabi/10.3.1/../../../../arm-none-eabi/lib/thumb/v7e-m+fp/hard/libc.a(lib_a-impure.o)
 .data.__malloc_av_
                0x0000000020000468      0x408 /opt/homebrew/Cellar/arm-none-eabi-gcc/10.3-2021.07/gcc/bin/../lib/gcc/arm-none-eabi/10.3.1/../../../../arm-none-eabi/lib/thumb/v7e-m+fp/hard/libc.a(lib_a-mallocr.o)
                0x0000000020000468                __malloc_av_
 .data.__malloc_sbrk_base
                0x0000000020000870        0x4 /opt/homebrew/Cellar/arm-none-eabi-gcc/10.3-2021.07/gcc/bin/../lib/gcc/arm-none-eabi/10.3.1/../../../../arm-none-eabi/lib/thumb/v7e-m+fp/hard/libc.a(lib_a-mallocr.o)
                0x0000000020000870                __malloc_sbrk_base
 .data.__malloc_trim_threshold
                0x0000000020000874        0x4 /opt/homebrew/Cellar/arm-none-eabi-gcc/10.3-2021.07/gcc/bin/../lib/gcc/arm-none-eabi/10.3.1/../../../../arm-none-eabi/lib/thumb/v7e-m+fp/hard/libc.a(lib_a-mallocr.o)
                0x0000000020000874                __malloc_trim_threshold
 .data.__atexit_recursive_mutex
                0x0000000020000878        0x4 /opt/homebrew/Cellar/arm-none-eabi-gcc/10.3-2021.07/gcc/bin/../lib/gcc/arm-none-eabi/10.3.1/../../../../arm-none-eabi/lib/thumb/v7e-m+fp/hard/libc.a(lib_a-__call_atexit.o)
                0x0000000020000878                __atexit_recursive_mutex
 .data.__global_locale
                0x000000002000087c      0x16c /opt/homebrew/Cellar/arm-none-eabi-gcc/10.3-2021.07/gcc/bin/../lib/gcc/arm-none-eabi/10.3.1/../../../../arm-none-eabi/lib/thumb/v7e-m+fp/hard/libc.a(lib_a-locale.o)
                0x000000002000087c                __global_locale
                0x00000000200009e8                . = ALIGN (0x4)
                0x00000000200009e8                PROVIDE (__preinit_array_start = .)
 *(.preinit_array)
                0x00000000200009e8                PROVIDE (__preinit_array_end = .)
                0x00000000200009e8                . = ALIGN (0x4)
                0x00000000200009e8                PROVIDE (__init_array_start = .)
 *(SORT_BY_NAME(.init_array.*))
 .init_array.00000
                0x00000000200009e8        0x4 /opt/homebrew/Cellar/arm-none-eabi-gcc/10.3-2021.07/gcc/bin/../lib/gcc/arm-none-eabi/10.3.1/../../../../arm-none-eabi/lib/thumb/v7e-m+fp/hard/libc.a(lib_a-__call_atexit.o)
 *(.init_array)
 .init_array    0x00000000200009ec        0x4 /opt/homebrew/Cellar/arm-none-eabi-gcc/10.3-2021.07/gcc/bin/../lib/gcc/arm-none-eabi/10.3.1/thumb/v7e-m+fp/hard/crtbegin.o
 .init_array    0x00000000200009f0        0x4 _build/microbit_before_startup.o
                0x00000000200009f4                PROVIDE (__init_array_end = .)
                0x00000000200009f4                . = ALIGN (0x4)
                0x00000000200009f4                PROVIDE (__fini_array_start = .)
 *(SORT_BY_NAME(.fini_array.*))
 *(.fini_array)
 .fini_array    0x00000000200009f4        0x4 /opt/homebrew/Cellar/arm-none-eabi-gcc/10.3-2021.07/gcc/bin/../lib/gcc/arm-none-eabi/10.3.1/thumb/v7e-m+fp/hard/crtbegin.o
                0x00000000200009f8                PROVIDE (__fini_array_end = .)
 *(.jcr*)
                0x00000000200009f8                . = ALIGN (0x4)
                0x00000000200009f8                __data_end__ = .
LOAD /opt/homebrew/Cellar/arm-none-eabi-gcc/10.3-2021.07/gcc/bin/../lib/gcc/arm-none-eabi/10.3.1/thumb/v7e-m+fp/hard/crti.o
LOAD /opt/homebrew/Cellar/arm-none-eabi-gcc/10.3-2021.07/gcc/bin/../lib/gcc/arm-none-eabi/10.3.1/thumb/v7e-m+fp/hard/crtbegin.o
LOAD /opt/homebrew/Cellar/arm-none-eabi-gcc/10.3-2021.07/gcc/bin/../lib/gcc/arm-none-eabi/10.3.1/../../../../arm-none-eabi/lib/thumb/v7e-m+fp/hard/crt0.o
START GROUP
LOAD _build/audio.o
LOAD _build/input.o
LOAD _build/main.o
LOAD _build/recorder.o
LOAD _build/stopwatch.o
LOAD _build/timer_linked_list.o
LOAD _build/better_error_handling.o
LOAD _build/microbit_before_startup.o
LOAD _build/microbit_nrf_log_backend_uart.o
LOAD _build/microbit_retarget.o
LOAD _build/app_error_handler_gcc.o
LOAD _build/app_fifo.o
LOAD _build/app_scheduler.o
LOAD _build/app_timer.o
LOAD _build/app_uart_fifo.o
LOAD _build/app_util_platform.o
LOAD _build/hardfault_handler_gcc.o
LOAD _build/hardfault_implementation.o
LOAD _build/nrf_assert.o
LOAD _build/nrf_atomic.o
LOAD _build/nrf_balloc.o
LOAD _build/nrf_drv_clock.o
LOAD _build/nrf_drv_twi.o
LOAD _build/nrf_drv_uart.o
LOAD _build/nrf_fprintf.o
LOAD _build/nrf_fprintf_format.o
LOAD _build/nrf_log_backend_rtt.o
LOAD _build/nrf_log_backend_serial.o
LOAD _build/nrf_log_default_backends.o
LOAD _build/nrf_log_frontend.o
LOAD _build/nrf_log_str_formatter.o
LOAD _build/nrf_memobj.o
LOAD _build/nrf_nvmc.o
LOAD _build/nrf_pwr_mgmt.o
LOAD _build/nrf_queue.o
LOAD _build/nrf_ringbuf.o
LOAD _build/nrf_sdh.o
LOAD _build/nrf_section_iter.o
LOAD _build/nrf_serial.o
LOAD _build/nrf_strerror.o
LOAD _build/nrf_twi_mngr.o
LOAD _build/nrfx_clock.o
LOAD _build/nrfx_gpiote.o
LOAD _build/nrfx_ppi.o
LOAD _build/nrfx_prs.o
LOAD _build/nrfx_pwm.o
LOAD _build/nrfx_saadc.o
LOAD _build/nrfx_spim.o
LOAD _build/nrfx_timer.o
LOAD _build/nrfx_twi.o
LOAD _build/nrfx_twim.o
LOAD _build/nrfx_uart.o
LOAD _build/nrfx_uarte.o
LOAD _build/system_nrf52833.o
LOAD _build/app_error_weak.o
LOAD _build/gcc_startup_nrf52833.os
LOAD /opt/homebrew/Cellar/arm-none-eabi-gcc/10.3-2021.07/gcc/bin/../lib/gcc/arm-none-eabi/10.3.1/../../../../arm-none-eabi/lib/thumb/v7e-m+fp/hard/libc.a
LOAD /opt/homebrew/Cellar/arm-none-eabi-gcc/10.3-2021.07/gcc/bin/../lib/gcc/arm-none-eabi/10.3.1/../../../../arm-none-eabi/lib/thumb/v7e-m+fp/hard/libnosys.a
LOAD /opt/homebrew/Cellar/arm-none-eabi-gcc/10.3-2021.07/gcc/bin/../lib/gcc/arm-none-eabi/10.3.1/../../../../arm-none-eabi/lib/thumb/v7e-m+fp/hard/libm.a
LOAD /opt/homebrew/Cellar/arm-none-eabi-gcc/10.3-2021.07/gcc/bin/../lib/gcc/arm-none-eabi/10.3.1/../../../../arm-none-eabi/lib/thumb/v7e-m+fp/hard/libstdc++.a
END GROUP
START GROUP
LOAD /opt/homebrew/Cellar/arm-none-eabi-gcc/10.3-2021.07/gcc/bin/../lib/gcc/arm-none-eabi/10.3.1/thumb/v7e-m+fp/hard/libgcc.a
LOAD /opt/homebrew/Cellar/arm-none-eabi-gcc/10.3-2021.07/gcc/bin/../lib/gcc/arm-none-eabi/10.3.1/../../../../arm-none-eabi/lib/thumb/v7e-m+fp/hard/libc.a
END GROUP
LOAD /opt/homebrew/Cellar/arm-none-eabi-gcc/10.3-2021.07/gcc/bin/../lib/gcc/arm-none-eabi/10.3.1/thumb/v7e-m+fp/hard/crtend.o
LOAD /opt/homebrew/Cellar/arm-none-eabi-gcc/10.3-2021.07/gcc/bin/../lib/gcc/arm-none-eabi/10.3.1/thumb/v7e-m+fp/hard/crtn.o
START GROUP
LOAD /opt/homebrew/Cellar/arm-none-eabi-gcc/10.3-2021.07/gcc/bin/../lib/gcc/arm-none-eabi/10.3.1/thumb/v7e-m+fp/hard/libgcc.a
LOAD /opt/homebrew/Cellar/arm-none-eabi-gcc/10.3-2021.07/gcc/bin/../lib/gcc/arm-none-eabi/10.3.1/../../../../arm-none-eabi/lib/thumb/v7e-m+fp/hard/libc.a
LOAD /opt/homebrew/Cellar/arm-none-eabi-gcc/10.3-2021.07/gcc/bin/../lib/gcc/arm-none-eabi/10.3.1/../../../../arm-none-eabi/lib/thumb/v7e-m+fp/hard/libnosys.a
END GROUP
                0x0000000000001000                FLASH_PAGE_SIZE = 0x1000
                0x0000000000000004                FLASH_DATA_PAGES_USED = 0x4

.igot.plt       0x00000000200009f8        0x0 load address 0x0000000000017f84
 .igot.plt      0x00000000200009f8        0x0 /opt/homebrew/Cellar/arm-none-eabi-gcc/10.3-2021.07/gcc/bin/../lib/gcc/arm-none-eabi/10.3.1/thumb/v7e-m+fp/hard/crtbegin.o
                0x00000000200009f8                . = ALIGN (0x4)

.svc_data       0x00000000200009f8        0x0
                [!provide]                        PROVIDE (__start_svc_data = .)
 *(.svc_data)
                [!provide]                        PROVIDE (__stop_svc_data = .)

.fs_data        0x00000000200009f8        0x0
                [!provide]                        PROVIDE (__start_fs_data = .)
 *(.fs_data)
                [!provide]                        PROVIDE (__stop_fs_data = .)

.log_dynamic_data
                0x00000000200009f8        0x0
                0x00000000200009f8                PROVIDE (__start_log_dynamic_data = .)
 *(SORT_BY_NAME(.log_dynamic_data*))
                [!provide]                        PROVIDE (__stop_log_dynamic_data = .)

.cli_sorted_cmd_ptrs
                0x00000000200009f8        0x0
                [!provide]                        PROVIDE (__start_cli_sorted_cmd_ptrs = .)
 *(.cli_sorted_cmd_ptrs)
                [!provide]                        PROVIDE (__stop_cli_sorted_cmd_ptrs = .)

.bss            0x00000000200009f8    0x1031c load address 0x0000000000017f84
                0x00000000200009f8                . = ALIGN (0x4)
                0x00000000200009f8                __bss_start__ = .
 *(.bss*)
 .bss           0x00000000200009f8       0x1c /opt/homebrew/Cellar/arm-none-eabi-gcc/10.3-2021.07/gcc/bin/../lib/gcc/arm-none-eabi/10.3.1/thumb/v7e-m+fp/hard/crtbegin.o
 .bss.samples   0x0000000020000a14     0xfa00 _build/audio.o
 .bss.linked_list
                0x0000000020010414        0x4 _build/timer_linked_list.o
 .bss.m_async_mode
                0x0000000020010418        0x1 _build/microbit_nrf_log_backend_uart.o
 .bss.m_string_buff
                0x0000000020010419       0x40 _build/microbit_nrf_log_backend_uart.o
 .bss.m_xfer_done
                0x0000000020010459        0x1 _build/microbit_nrf_log_backend_uart.o
 *fill*         0x000000002001045a        0x2 
 .bss.m_op_queue
                0x000000002001045c      0x10c _build/app_timer.o
 .bss.m_rtc1_reset
                0x0000000020010568        0x1 _build/app_timer.o
 .bss.m_rtc1_running
                0x0000000020010569        0x1 _build/app_timer.o
 *fill*         0x000000002001056a        0x2 
 .bss.m_ticks_elapsed
                0x000000002001056c        0x8 _build/app_timer.o
 .bss.m_ticks_elapsed_q_read_ind
                0x0000000020010574        0x1 _build/app_timer.o
 .bss.m_ticks_elapsed_q_write_ind
                0x0000000020010575        0x1 _build/app_timer.o
 *fill*         0x0000000020010576        0x2 
 .bss.m_ticks_latest
                0x0000000020010578        0x4 _build/app_timer.o
 .bss.mp_timer_id_head
                0x000000002001057c        0x4 _build/app_timer.o
 .bss.m_in_critical_region
                0x0000000020010580        0x4 _build/app_util_platform.o
 .bss.m_contexts
                0x0000000020010584        0x8 _build/nrf_drv_uart.o
 .bss.m_handlers
                0x000000002001058c        0x8 _build/nrf_drv_uart.o
 .bss.nrf_drv_uart_use_easy_dma
                0x0000000020010594        0x2 _build/nrf_drv_uart.o
                0x0000000020010594                nrf_drv_uart_use_easy_dma
 *fill*         0x0000000020010596        0x2 
 .bss.log_mempool_nrf_balloc_cb
                0x0000000020010598        0x8 _build/nrf_log_frontend.o
 .bss.log_mempool_nrf_balloc_pool_mem
                0x00000000200105a0       0xc0 _build/nrf_log_frontend.o
 .bss.log_mempool_nrf_balloc_pool_stack
                0x0000000020010660        0x8 _build/nrf_log_frontend.o
 .bss.m_log_data
                0x0000000020010668      0x424 _build/nrf_log_frontend.o
 .bss.m_log_push_ringbuf_buf
                0x0000000020010a8c       0x80 _build/nrf_log_frontend.o
 .bss.m_log_push_ringbuf_cb
                0x0000000020010b0c       0x18 _build/nrf_log_frontend.o
 .bss.m_clock_cb
                0x0000000020010b24        0x8 _build/nrfx_clock.o
 .bss.m_cb      0x0000000020010b2c       0x68 _build/nrfx_gpiote.o
 .bss.m_prs_box_4
                0x0000000020010b94        0x8 _build/nrfx_prs.o
 .bss.m_cb      0x0000000020010b9c        0x8 _build/nrfx_pwm.o
 .bss.m_cb      0x0000000020010ba4       0x30 _build/nrfx_saadc.o
 .bss.m_cb      0x0000000020010bd4       0x24 _build/nrfx_spim.o
 .bss.m_cb      0x0000000020010bf8       0x18 _build/nrfx_timer.o
 .bss.m_cb      0x0000000020010c10       0x68 _build/nrfx_twim.o
 .bss.m_cb      0x0000000020010c78       0x2c _build/nrfx_uart.o
 .bss.m_cb      0x0000000020010ca4       0x24 _build/nrfx_uarte.o
 .bss.__malloc_current_mallinfo
                0x0000000020010cc8       0x28 /opt/homebrew/Cellar/arm-none-eabi-gcc/10.3-2021.07/gcc/bin/../lib/gcc/arm-none-eabi/10.3.1/../../../../arm-none-eabi/lib/thumb/v7e-m+fp/hard/libc.a(lib_a-mallocr.o)
                0x0000000020010cc8                __malloc_current_mallinfo
 .bss.__malloc_max_sbrked_mem
                0x0000000020010cf0        0x4 /opt/homebrew/Cellar/arm-none-eabi-gcc/10.3-2021.07/gcc/bin/../lib/gcc/arm-none-eabi/10.3.1/../../../../arm-none-eabi/lib/thumb/v7e-m+fp/hard/libc.a(lib_a-mallocr.o)
                0x0000000020010cf0                __malloc_max_sbrked_mem
 .bss.__malloc_max_total_mem
                0x0000000020010cf4        0x4 /opt/homebrew/Cellar/arm-none-eabi-gcc/10.3-2021.07/gcc/bin/../lib/gcc/arm-none-eabi/10.3.1/../../../../arm-none-eabi/lib/thumb/v7e-m+fp/hard/libc.a(lib_a-mallocr.o)
                0x0000000020010cf4                __malloc_max_total_mem
 .bss.__malloc_top_pad
                0x0000000020010cf8        0x4 /opt/homebrew/Cellar/arm-none-eabi-gcc/10.3-2021.07/gcc/bin/../lib/gcc/arm-none-eabi/10.3.1/../../../../arm-none-eabi/lib/thumb/v7e-m+fp/hard/libc.a(lib_a-mallocr.o)
                0x0000000020010cf8                __malloc_top_pad
 .bss.__lock___atexit_recursive_mutex
                0x0000000020010cfc        0x1 /opt/homebrew/Cellar/arm-none-eabi-gcc/10.3-2021.07/gcc/bin/../lib/gcc/arm-none-eabi/10.3.1/../../../../arm-none-eabi/lib/thumb/v7e-m+fp/hard/libc.a(lib_a-lock.o)
                0x0000000020010cfc                __lock___atexit_recursive_mutex
 *fill*         0x0000000020010cfd        0x3 
 .bss.__lock___malloc_recursive_mutex
                0x0000000020010d00        0x1 /opt/homebrew/Cellar/arm-none-eabi-gcc/10.3-2021.07/gcc/bin/../lib/gcc/arm-none-eabi/10.3.1/../../../../arm-none-eabi/lib/thumb/v7e-m+fp/hard/libc.a(lib_a-lock.o)
                0x0000000020010d00                __lock___malloc_recursive_mutex
 *fill*         0x0000000020010d01        0x3 
 .bss.__lock___sfp_recursive_mutex